2026-08-03 10:04:01.363 +05:30 [INF] ONE ERP Platform API starting
2026-08-03 10:04:01.741 +05:30 [ERR] Hosting failed to start
System.IO.IOException: Failed to bind to address http://127.0.0.1:5104: address already in use.
 ---> Microsoft.AspNetCore.Connections.AddressInUseException: Only one usage of each socket address (protocol/network address/port) is normally permitted.
 ---> System.Net.Sockets.SocketException (10048): Only one usage of each socket address (protocol/network address/port) is normally permitted.
   at System.Net.Sockets.Socket.UpdateStatusAfterSocketErrorAndThrowException(SocketError error, Boolean disconnectOnFailure, String callerName)
   at System.Net.Sockets.Socket.DoBind(EndPoint endPointSnapshot, SocketAddress socketAddress)
   at System.Net.Sockets.Socket.Bind(EndPoint localEP)
   at Microsoft.AspNetCore.Server.Kestrel.Transport.Sockets.SocketTransportOptions.CreateDefaultBoundListenSocket(EndPoint endpoint)
   at Microsoft.AspNetCore.Server.Kestrel.Transport.Sockets.SocketConnectionListener.Bind()
   --- End of inner exception stack trace ---
   at Microsoft.AspNetCore.Server.Kestrel.Transport.Sockets.SocketConnectionListener.Bind()
   at Microsoft.AspNetCore.Server.Kestrel.Transport.Sockets.SocketTransportFactory.BindAsync(EndPoint endpoint, CancellationToken cancellationToken)
   at Microsoft.AspNetCore.Server.Kestrel.Core.Internal.Infrastructure.TransportManager.BindAsync(EndPoint endPoint, ConnectionDelegate connectionDelegate, EndpointConfig endpointConfig, CancellationToken cancellationToken)
   at Microsoft.AspNetCore.Server.Kestrel.Core.KestrelServerImpl.<>c__DisplayClass28_0`1.<<StartAsync>g__OnBind|0>d.MoveNext()
--- End of stack trace from previous location ---
   at Microsoft.AspNetCore.Server.Kestrel.Core.Internal.AddressBinder.BindEndpointAsync(ListenOptions endpoint, AddressBindContext context, CancellationToken cancellationToken)
   --- End of inner exception stack trace ---
   at Microsoft.AspNetCore.Server.Kestrel.Core.Internal.AddressBinder.BindEndpointAsync(ListenOptions endpoint, AddressBindContext context, CancellationToken cancellationToken)
   at Microsoft.AspNetCore.Server.Kestrel.Core.LocalhostListenOptions.BindAsync(AddressBindContext context, CancellationToken cancellationToken)
   at Microsoft.AspNetCore.Server.Kestrel.Core.Internal.AddressBinder.AddressesStrategy.BindAsync(AddressBindContext context, CancellationToken cancellationToken)
   at Microsoft.AspNetCore.Server.Kestrel.Core.KestrelServerImpl.BindAsync(CancellationToken cancellationToken)
   at Microsoft.AspNetCore.Server.Kestrel.Core.KestrelServerImpl.StartAsync[TContext](IHttpApplication`1 application, CancellationToken cancellationToken)
   at Microsoft.AspNetCore.Hosting.GenericWebHostService.StartAsync(CancellationToken cancellationToken)
   at Microsoft.Extensions.Hosting.Internal.Host.<StartAsync>b__14_1(IHostedService service, CancellationToken token)
   at Microsoft.Extensions.Hosting.Internal.Host.ForeachService[T](IEnumerable`1 services, CancellationToken token, Boolean concurrent, Boolean abortOnFirstException, List`1 exceptions, Func`3 operation)
2026-08-03 10:04:01.866 +05:30 [FTL] ONE ERP Platform API terminated unexpectedly
System.IO.IOException: Failed to bind to address http://127.0.0.1:5104: address already in use.
 ---> Microsoft.AspNetCore.Connections.AddressInUseException: Only one usage of each socket address (protocol/network address/port) is normally permitted.
 ---> System.Net.Sockets.SocketException (10048): Only one usage of each socket address (protocol/network address/port) is normally permitted.
   at System.Net.Sockets.Socket.UpdateStatusAfterSocketErrorAndThrowException(SocketError error, Boolean disconnectOnFailure, String callerName)
   at System.Net.Sockets.Socket.DoBind(EndPoint endPointSnapshot, SocketAddress socketAddress)
   at System.Net.Sockets.Socket.Bind(EndPoint localEP)
   at Microsoft.AspNetCore.Server.Kestrel.Transport.Sockets.SocketTransportOptions.CreateDefaultBoundListenSocket(EndPoint endpoint)
   at Microsoft.AspNetCore.Server.Kestrel.Transport.Sockets.SocketConnectionListener.Bind()
   --- End of inner exception stack trace ---
   at Microsoft.AspNetCore.Server.Kestrel.Transport.Sockets.SocketConnectionListener.Bind()
   at Microsoft.AspNetCore.Server.Kestrel.Transport.Sockets.SocketTransportFactory.BindAsync(EndPoint endpoint, CancellationToken cancellationToken)
   at Microsoft.AspNetCore.Server.Kestrel.Core.Internal.Infrastructure.TransportManager.BindAsync(EndPoint endPoint, ConnectionDelegate connectionDelegate, EndpointConfig endpointConfig, CancellationToken cancellationToken)
   at Microsoft.AspNetCore.Server.Kestrel.Core.KestrelServerImpl.<>c__DisplayClass28_0`1.<<StartAsync>g__OnBind|0>d.MoveNext()
--- End of stack trace from previous location ---
   at Microsoft.AspNetCore.Server.Kestrel.Core.Internal.AddressBinder.BindEndpointAsync(ListenOptions endpoint, AddressBindContext context, CancellationToken cancellationToken)
   --- End of inner exception stack trace ---
   at Microsoft.AspNetCore.Server.Kestrel.Core.Internal.AddressBinder.BindEndpointAsync(ListenOptions endpoint, AddressBindContext context, CancellationToken cancellationToken)
   at Microsoft.AspNetCore.Server.Kestrel.Core.LocalhostListenOptions.BindAsync(AddressBindContext context, CancellationToken cancellationToken)
   at Microsoft.AspNetCore.Server.Kestrel.Core.Internal.AddressBinder.AddressesStrategy.BindAsync(AddressBindContext context, CancellationToken cancellationToken)
   at Microsoft.AspNetCore.Server.Kestrel.Core.KestrelServerImpl.BindAsync(CancellationToken cancellationToken)
   at Microsoft.AspNetCore.Server.Kestrel.Core.KestrelServerImpl.StartAsync[TContext](IHttpApplication`1 application, CancellationToken cancellationToken)
   at Microsoft.AspNetCore.Hosting.GenericWebHostService.StartAsync(CancellationToken cancellationToken)
   at Microsoft.Extensions.Hosting.Internal.Host.<StartAsync>b__14_1(IHostedService service, CancellationToken token)
   at Microsoft.Extensions.Hosting.Internal.Host.ForeachService[T](IEnumerable`1 services, CancellationToken token, Boolean concurrent, Boolean abortOnFirstException, List`1 exceptions, Func`3 operation)
   at Microsoft.Extensions.Hosting.Internal.Host.StartAsync(CancellationToken cancellationToken)
   at Microsoft.Extensions.Hosting.HostingAbstractionsHostExtensions.RunAsync(IHost host, CancellationToken token)
   at Microsoft.Extensions.Hosting.HostingAbstractionsHostExtensions.RunAsync(IHost host, CancellationToken token)
   at Microsoft.Extensions.Hosting.HostingAbstractionsHostExtensions.Run(IHost host)
   at Program.<Main>$(String[] args) in D:\AWS\ERP\ONEERP.Platform.API\Program.cs:line 140
2026-08-03 10:04:22.519 +05:30 [INF] ONE ERP Platform API starting
2026-08-03 10:28:26.654 +05:30 [INF] ONE ERP Platform API starting
2026-08-03 10:34:05.739 +05:30 [INF] ONE ERP Platform API starting
2026-08-03 10:36:14.332 +05:30 [INF] ONE ERP Platform API starting
2026-08-03 10:36:33.147 +05:30 [INF] ONE ERP Platform API starting
2026-08-03 10:36:35.100 +05:30 [INF] HTTP GET / responded 404 in 97.7450 ms
2026-08-03 10:39:09.388 +05:30 [INF] ONE ERP Platform API starting
2026-08-03 10:39:11.186 +05:30 [INF] HTTP GET /swagger/index.js responded 200 in 67.4887 ms
2026-08-03 10:39:11.105 +05:30 [INF] HTTP GET /swagger/index.html responded 200 in 162.3887 ms
2026-08-03 10:39:11.407 +05:30 [INF] HTTP GET /swagger/v1/swagger.json responded 200 in 66.3596 ms
2026-08-03 10:41:36.458 +05:30 [INF] HTTP OPTIONS /api/tenants responded 204 in 18.2882 ms
2026-08-03 10:41:36.752 +05:30 [INF] HTTP GET /api/tenants responded 401 in 184.9905 ms
2026-08-03 10:44:03.033 +05:30 [INF] HTTP OPTIONS /api/auth/login responded 204 in 0.5500 ms
2026-08-03 10:44:08.825 +05:30 [INF] HTTP OPTIONS /api/auth/login responded 204 in 0.1342 ms
2026-08-03 10:44:32.786 +05:30 [INF] HTTP OPTIONS /api/auth/login responded 204 in 32.7086 ms
2026-08-03 10:44:43.899 +05:30 [INF] HTTP OPTIONS /api/auth/login responded 204 in 0.0609 ms
2026-08-03 10:45:14.363 +05:30 [ERR] HTTP POST /api/auth/login responded 500 in 26235.7378 ms
ONEERP.Shared.Exceptions.UnauthorizedAccess: Invalid username or password.
   at ONEERP.Platform.API.Services.PlatformAuthService.LoginAsync(String username, String password) in D:\AWS\ERP\ONEERP.Platform.API\Services\PlatformAuthService.cs:line 42
   at ONEERP.Platform.API.Controllers.AuthController.Login(LoginRequest request) in D:\AWS\ERP\ONEERP.Platform.API\Controllers\AuthController.cs:line 36
   at Microsoft.AspNetCore.Mvc.Infrastructure.ActionMethodExecutor.TaskOfIActionResultExecutor.Execute(ActionContext actionContext, IActionResultTypeMapper mapper, ObjectMethodExecutor executor, Object controller, Object[] arguments)
   at Microsoft.AspNetCore.Mvc.Infrastructure.ControllerActionInvoker.<InvokeActionMethodAsync>g__Awaited|12_0(ControllerActionInvoker invoker, ValueTask`1 actionResultValueTask)
   at Microsoft.AspNetCore.Mvc.Infrastructure.ControllerActionInvoker.<InvokeNextActionFilterAsync>g__Awaited|10_0(ControllerActionInvoker invoker, Task lastTask, State next, Scope scope, Object state, Boolean isCompleted)
   at Microsoft.AspNetCore.Mvc.Infrastructure.ControllerActionInvoker.Rethrow(ActionExecutedContextSealed context)
   at Microsoft.AspNetCore.Mvc.Infrastructure.ControllerActionInvoker.Next(State& next, Scope& scope, Object& state, Boolean& isCompleted)
   at Microsoft.AspNetCore.Mvc.Infrastructure.ControllerActionInvoker.<InvokeInnerFilterAsync>g__Awaited|13_0(ControllerActionInvoker invoker, Task lastTask, State next, Scope scope, Object state, Boolean isCompleted)
   at Microsoft.AspNetCore.Mvc.Infrastructure.ResourceInvoker.<InvokeFilterPipelineAsync>g__Awaited|20_0(ResourceInvoker invoker, Task lastTask, State next, Scope scope, Object state, Boolean isCompleted)
   at Microsoft.AspNetCore.Mvc.Infrastructure.ResourceInvoker.<InvokeAsync>g__Awaited|17_0(ResourceInvoker invoker, Task task, IDisposable scope)
   at Microsoft.AspNetCore.Mvc.Infrastructure.ResourceInvoker.<InvokeAsync>g__Awaited|17_0(ResourceInvoker invoker, Task task, IDisposable scope)
   at Microsoft.AspNetCore.Authorization.AuthorizationMiddleware.Invoke(HttpContext context)
   at Microsoft.AspNetCore.Authentication.AuthenticationMiddleware.Invoke(HttpContext context)
   at Swashbuckle.AspNetCore.SwaggerUI.SwaggerUIMiddleware.Invoke(HttpContext httpContext)
   at Swashbuckle.AspNetCore.Swagger.SwaggerMiddleware.Invoke(HttpContext httpContext, ISwaggerProvider swaggerProvider)
   at Serilog.AspNetCore.RequestLoggingMiddleware.Invoke(HttpContext httpContext)
2026-08-03 10:45:14.675 +05:30 [WRN] Domain error 401: Invalid username or password.
2026-08-03 10:45:38.699 +05:30 [ERR] HTTP POST /api/auth/login responded 500 in 23333.1302 ms
ONEERP.Shared.Exceptions.UnauthorizedAccess: Invalid username or password.
   at ONEERP.Platform.API.Services.PlatformAuthService.LoginAsync(String username, String password) in D:\AWS\ERP\ONEERP.Platform.API\Services\PlatformAuthService.cs:line 42
   at ONEERP.Platform.API.Controllers.AuthController.Login(LoginRequest request) in D:\AWS\ERP\ONEERP.Platform.API\Controllers\AuthController.cs:line 36
   at Microsoft.AspNetCore.Mvc.Infrastructure.ActionMethodExecutor.TaskOfIActionResultExecutor.Execute(ActionContext actionContext, IActionResultTypeMapper mapper, ObjectMethodExecutor executor, Object controller, Object[] arguments)
   at Microsoft.AspNetCore.Mvc.Infrastructure.ControllerActionInvoker.<InvokeActionMethodAsync>g__Awaited|12_0(ControllerActionInvoker invoker, ValueTask`1 actionResultValueTask)
   at Microsoft.AspNetCore.Mvc.Infrastructure.ControllerActionInvoker.<InvokeNextActionFilterAsync>g__Awaited|10_0(ControllerActionInvoker invoker, Task lastTask, State next, Scope scope, Object state, Boolean isCompleted)
   at Microsoft.AspNetCore.Mvc.Infrastructure.ControllerActionInvoker.Rethrow(ActionExecutedContextSealed context)
   at Microsoft.AspNetCore.Mvc.Infrastructure.ControllerActionInvoker.Next(State& next, Scope& scope, Object& state, Boolean& isCompleted)
   at Microsoft.AspNetCore.Mvc.Infrastructure.ControllerActionInvoker.<InvokeInnerFilterAsync>g__Awaited|13_0(ControllerActionInvoker invoker, Task lastTask, State next, Scope scope, Object state, Boolean isCompleted)
   at Microsoft.AspNetCore.Mvc.Infrastructure.ResourceInvoker.<InvokeFilterPipelineAsync>g__Awaited|20_0(ResourceInvoker invoker, Task lastTask, State next, Scope scope, Object state, Boolean isCompleted)
   at Microsoft.AspNetCore.Mvc.Infrastructure.ResourceInvoker.<InvokeAsync>g__Awaited|17_0(ResourceInvoker invoker, Task task, IDisposable scope)
   at Microsoft.AspNetCore.Mvc.Infrastructure.ResourceInvoker.<InvokeAsync>g__Awaited|17_0(ResourceInvoker invoker, Task task, IDisposable scope)
   at Microsoft.AspNetCore.Authorization.AuthorizationMiddleware.Invoke(HttpContext context)
   at Microsoft.AspNetCore.Authentication.AuthenticationMiddleware.Invoke(HttpContext context)
   at Swashbuckle.AspNetCore.SwaggerUI.SwaggerUIMiddleware.Invoke(HttpContext httpContext)
   at Swashbuckle.AspNetCore.Swagger.SwaggerMiddleware.Invoke(HttpContext httpContext, ISwaggerProvider swaggerProvider)
   at Serilog.AspNetCore.RequestLoggingMiddleware.Invoke(HttpContext httpContext)
2026-08-03 10:45:38.970 +05:30 [WRN] Domain error 401: Invalid username or password.
2026-08-03 10:45:59.653 +05:30 [INF] HTTP OPTIONS /api/auth/login responded 204 in 29.1832 ms
2026-08-03 10:46:00.420 +05:30 [INF] HTTP OPTIONS /api/auth/login responded 204 in 0.0643 ms
2026-08-03 10:47:20.487 +05:30 [INF] ONE ERP Platform API starting
2026-08-03 10:47:22.151 +05:30 [INF] HTTP GET /swagger/index.js responded 200 in 2.6707 ms
2026-08-03 10:47:22.146 +05:30 [INF] HTTP GET /swagger/index.html responded 200 in 108.9340 ms
2026-08-03 10:47:22.359 +05:30 [INF] HTTP GET /swagger/v1/swagger.json responded 200 in 53.9911 ms
2026-08-03 10:47:25.715 +05:30 [INF] HTTP OPTIONS /api/auth/login responded 204 in 3.0660 ms
2026-08-03 10:47:26.840 +05:30 [INF] HTTP OPTIONS /api/auth/login responded 204 in 0.3059 ms
2026-08-03 10:47:44.613 +05:30 [INF] HTTP OPTIONS /api/auth/login responded 204 in 0.0938 ms
2026-08-03 10:48:04.194 +05:30 [INF] HTTP OPTIONS /api/auth/login responded 204 in 0.1618 ms
2026-08-03 10:49:01.192 +05:30 [INF] HTTP OPTIONS /api/auth/login responded 204 in 0.1297 ms
2026-08-03 10:49:37.862 +05:30 [INF] HTTP OPTIONS /api/auth/login responded 204 in 0.0913 ms
2026-08-03 10:49:47.065 +05:30 [INF] HTTP OPTIONS /api/auth/login responded 204 in 0.0660 ms
2026-08-03 10:50:05.880 +05:30 [INF] HTTP OPTIONS /api/auth/login responded 204 in 0.0768 ms
2026-08-03 10:50:31.401 +05:30 [INF] HTTP OPTIONS /api/auth/login responded 204 in 0.1228 ms
2026-08-03 10:50:31.440 +05:30 [INF] HTTP OPTIONS /api/auth/login responded 204 in 2.4563 ms
2026-08-03 10:50:31.455 +05:30 [INF] HTTP OPTIONS /api/auth/login responded 204 in 0.2471 ms
2026-08-03 10:51:21.445 +05:30 [INF] HTTP OPTIONS /api/auth/login responded 204 in 0.1745 ms
2026-08-03 10:51:23.582 +05:30 [INF] HTTP POST /api/auth/login responded 200 in 2125.3404 ms
2026-08-03 10:51:23.682 +05:30 [INF] HTTP OPTIONS /api/dashboard responded 204 in 0.2445 ms
2026-08-03 10:51:23.962 +05:30 [INF] HTTP GET /api/dashboard responded 200 in 273.5316 ms
2026-08-03 10:51:35.040 +05:30 [INF] HTTP OPTIONS /api/auth/login responded 204 in 0.2250 ms
2026-08-03 10:51:35.494 +05:30 [INF] HTTP POST /api/auth/login responded 200 in 417.1943 ms
2026-08-03 10:51:35.673 +05:30 [INF] HTTP OPTIONS /api/dashboard responded 204 in 0.4795 ms
2026-08-03 10:51:35.845 +05:30 [INF] HTTP GET /api/dashboard responded 200 in 112.2951 ms
2026-08-03 10:51:45.105 +05:30 [INF] HTTP OPTIONS /api/plans responded 204 in 0.0965 ms
2026-08-03 10:51:45.111 +05:30 [INF] HTTP OPTIONS /api/tenants responded 204 in 0.1071 ms
2026-08-03 10:51:45.240 +05:30 [INF] HTTP GET /api/plans responded 200 in 119.2750 ms
2026-08-03 10:51:45.240 +05:30 [INF] HTTP GET /api/tenants responded 200 in 117.9009 ms
2026-08-03 10:51:45.982 +05:30 [INF] HTTP GET /api/plans responded 200 in 16.5092 ms
2026-08-03 10:51:46.957 +05:30 [INF] HTTP OPTIONS /api/tenants responded 204 in 0.2354 ms
2026-08-03 10:51:46.968 +05:30 [INF] HTTP OPTIONS /api/subscriptions responded 204 in 0.1353 ms
2026-08-03 10:51:47.002 +05:30 [INF] HTTP GET /api/plans responded 200 in 39.1742 ms
2026-08-03 10:51:47.018 +05:30 [INF] HTTP GET /api/tenants responded 200 in 42.8916 ms
2026-08-03 10:51:47.074 +05:30 [INF] HTTP GET /api/subscriptions responded 200 in 77.6253 ms
2026-08-03 10:51:49.030 +05:30 [INF] HTTP GET /api/plans responded 200 in 15.9939 ms
2026-08-03 10:52:59.380 +05:30 [INF] HTTP OPTIONS /api/dashboard responded 204 in 0.2155 ms
2026-08-03 10:52:59.556 +05:30 [INF] HTTP GET /api/dashboard responded 200 in 77.1666 ms
2026-08-03 10:53:01.080 +05:30 [INF] HTTP OPTIONS /api/plans responded 204 in 0.3359 ms
2026-08-03 10:53:01.089 +05:30 [INF] HTTP OPTIONS /api/tenants responded 204 in 0.0724 ms
2026-08-03 10:53:01.197 +05:30 [INF] HTTP GET /api/plans responded 200 in 107.1025 ms
2026-08-03 10:53:01.219 +05:30 [INF] HTTP GET /api/tenants responded 200 in 120.9132 ms
2026-08-03 10:53:02.791 +05:30 [INF] HTTP GET /api/plans responded 200 in 15.9732 ms
2026-08-03 10:53:03.857 +05:30 [INF] HTTP OPTIONS /api/tenants responded 204 in 0.0929 ms
2026-08-03 10:53:03.880 +05:30 [INF] HTTP OPTIONS /api/subscriptions responded 204 in 0.2561 ms
2026-08-03 10:53:03.905 +05:30 [INF] HTTP GET /api/plans responded 200 in 40.1518 ms
2026-08-03 10:53:03.917 +05:30 [INF] HTTP GET /api/tenants responded 200 in 30.1688 ms
2026-08-03 10:53:03.932 +05:30 [INF] HTTP GET /api/subscriptions responded 200 in 26.1843 ms
2026-08-03 11:02:03.020 +05:30 [INF] HTTP OPTIONS /api/auth/logout responded 204 in 0.5318 ms
2026-08-03 11:02:03.092 +05:30 [INF] HTTP POST /api/auth/logout responded 200 in 65.8379 ms
2026-08-03 11:02:05.010 +05:30 [INF] HTTP OPTIONS /api/auth/login responded 204 in 0.0762 ms
2026-08-03 11:02:05.285 +05:30 [INF] HTTP POST /api/auth/login responded 200 in 270.6764 ms
2026-08-03 11:02:05.352 +05:30 [INF] HTTP OPTIONS /api/dashboard responded 204 in 0.0860 ms
2026-08-03 11:02:05.466 +05:30 [INF] HTTP GET /api/dashboard responded 200 in 92.1456 ms
2026-08-03 11:08:10.891 +05:30 [INF] HTTP OPTIONS /api/dashboard responded 204 in 0.2376 ms
2026-08-03 11:08:11.433 +05:30 [INF] HTTP GET /api/dashboard responded 401 in 33.5921 ms
2026-08-03 11:08:11.479 +05:30 [INF] HTTP OPTIONS /api/auth/refresh responded 204 in 0.1333 ms
2026-08-03 11:08:11.686 +05:30 [INF] HTTP POST /api/auth/refresh responded 200 in 106.1860 ms
2026-08-03 11:08:11.837 +05:30 [INF] HTTP GET /api/dashboard responded 200 in 105.5463 ms
2026-08-03 11:08:12.886 +05:30 [INF] HTTP OPTIONS /api/dashboard responded 204 in 0.0737 ms
2026-08-03 11:08:13.002 +05:30 [INF] HTTP GET /api/dashboard responded 200 in 107.0641 ms
2026-08-03 11:12:59.582 +05:30 [INF] HTTP OPTIONS /api/dashboard responded 204 in 0.0823 ms
2026-08-03 11:13:00.683 +05:30 [INF] HTTP GET /api/dashboard responded 200 in 336.0644 ms
2026-08-03 11:13:03.010 +05:30 [INF] HTTP OPTIONS /api/dashboard responded 204 in 0.0537 ms
2026-08-03 11:13:03.121 +05:30 [INF] HTTP GET /api/dashboard responded 200 in 99.1655 ms
2026-08-03 11:13:14.081 +05:30 [INF] HTTP OPTIONS /api/dashboard responded 204 in 0.0708 ms
2026-08-03 11:13:14.187 +05:30 [INF] HTTP GET /api/dashboard responded 200 in 97.2297 ms
2026-08-03 11:13:15.755 +05:30 [INF] HTTP OPTIONS /api/plans responded 204 in 0.0651 ms
2026-08-03 11:13:15.759 +05:30 [INF] HTTP OPTIONS /api/tenants responded 204 in 0.1348 ms
2026-08-03 11:13:15.798 +05:30 [INF] HTTP GET /api/plans responded 200 in 27.3312 ms
2026-08-03 11:13:15.823 +05:30 [INF] HTTP GET /api/tenants responded 200 in 49.8986 ms
2026-08-03 11:13:17.069 +05:30 [INF] HTTP GET /api/plans responded 200 in 31.0365 ms
2026-08-03 11:13:18.085 +05:30 [INF] HTTP OPTIONS /api/tenants responded 204 in 0.0644 ms
2026-08-03 11:13:18.091 +05:30 [INF] HTTP OPTIONS /api/subscriptions responded 204 in 0.0424 ms
2026-08-03 11:13:18.124 +05:30 [INF] HTTP GET /api/plans responded 200 in 28.4223 ms
2026-08-03 11:13:18.143 +05:30 [INF] HTTP GET /api/tenants responded 200 in 41.0046 ms
2026-08-03 11:13:18.163 +05:30 [INF] HTTP GET /api/subscriptions responded 200 in 55.9063 ms
2026-08-03 11:13:20.610 +05:30 [INF] HTTP GET /api/plans responded 200 in 29.6617 ms
2026-08-03 11:13:20.610 +05:30 [INF] HTTP GET /api/tenants responded 200 in 33.7250 ms
2026-08-03 11:13:20.622 +05:30 [INF] HTTP GET /api/subscriptions responded 200 in 42.0839 ms
2026-08-03 11:13:35.434 +05:30 [INF] HTTP OPTIONS /api/tenants responded 204 in 0.0414 ms
2026-08-03 11:13:35.441 +05:30 [INF] HTTP OPTIONS /api/plans responded 204 in 0.0377 ms
2026-08-03 11:13:35.441 +05:30 [INF] HTTP OPTIONS /api/subscriptions responded 204 in 0.0264 ms
2026-08-03 11:13:35.482 +05:30 [INF] HTTP GET /api/plans responded 200 in 25.5042 ms
2026-08-03 11:13:35.492 +05:30 [INF] HTTP GET /api/tenants responded 200 in 38.2453 ms
2026-08-03 11:13:35.497 +05:30 [INF] HTTP GET /api/subscriptions responded 200 in 34.1539 ms
2026-08-03 11:13:36.701 +05:30 [INF] HTTP GET /api/plans responded 200 in 26.9024 ms
2026-08-03 11:13:37.811 +05:30 [INF] HTTP OPTIONS /api/tenants responded 204 in 0.5148 ms
2026-08-03 11:13:37.844 +05:30 [INF] HTTP GET /api/plans responded 200 in 30.6434 ms
2026-08-03 11:13:37.859 +05:30 [INF] HTTP GET /api/tenants responded 200 in 28.2626 ms
2026-08-03 11:14:24.440 +05:30 [INF] HTTP OPTIONS /api/plans responded 204 in 0.0400 ms
2026-08-03 11:14:24.523 +05:30 [INF] HTTP GET /api/plans responded 200 in 63.9163 ms
2026-08-03 11:14:25.713 +05:30 [INF] HTTP OPTIONS /api/tenants responded 204 in 0.0398 ms
2026-08-03 11:14:25.715 +05:30 [INF] HTTP OPTIONS /api/subscriptions responded 204 in 0.0423 ms
2026-08-03 11:14:25.780 +05:30 [INF] HTTP GET /api/plans responded 200 in 21.2167 ms
2026-08-03 11:14:25.800 +05:30 [INF] HTTP GET /api/tenants responded 200 in 29.4720 ms
2026-08-03 11:14:25.802 +05:30 [INF] HTTP GET /api/subscriptions responded 200 in 23.3283 ms
2026-08-03 11:14:28.740 +05:30 [INF] HTTP GET /api/plans responded 200 in 29.1723 ms
2026-08-03 11:14:28.748 +05:30 [INF] HTTP GET /api/tenants responded 200 in 52.0162 ms
2026-08-03 11:14:28.758 +05:30 [INF] HTTP GET /api/subscriptions responded 200 in 46.8439 ms
2026-08-03 11:15:18.335 +05:30 [INF] HTTP OPTIONS /api/plans responded 204 in 0.0412 ms
2026-08-03 11:15:18.367 +05:30 [INF] HTTP OPTIONS /api/tenants responded 204 in 0.0469 ms
2026-08-03 11:15:18.398 +05:30 [INF] HTTP GET /api/plans responded 200 in 17.5870 ms
2026-08-03 11:15:18.415 +05:30 [INF] HTTP GET /api/tenants responded 200 in 29.1762 ms
2026-08-03 11:15:19.248 +05:30 [INF] HTTP OPTIONS /api/dashboard responded 204 in 0.1762 ms
2026-08-03 11:15:19.338 +05:30 [INF] HTTP GET /api/dashboard responded 200 in 50.9265 ms
2026-08-03 11:15:22.589 +05:30 [INF] HTTP GET /api/plans responded 200 in 41.8140 ms
2026-08-03 11:15:22.602 +05:30 [INF] HTTP GET /api/tenants responded 200 in 37.5118 ms
2026-08-03 11:15:23.724 +05:30 [INF] HTTP OPTIONS /api/plans responded 204 in 0.0481 ms
2026-08-03 11:15:23.760 +05:30 [INF] HTTP GET /api/plans responded 200 in 23.1885 ms
2026-08-03 11:15:24.862 +05:30 [INF] HTTP OPTIONS /api/tenants responded 204 in 0.0389 ms
2026-08-03 11:15:24.878 +05:30 [INF] HTTP OPTIONS /api/subscriptions responded 204 in 0.0422 ms
2026-08-03 11:15:24.885 +05:30 [INF] HTTP GET /api/plans responded 200 in 20.4924 ms
2026-08-03 11:15:24.907 +05:30 [INF] HTTP GET /api/tenants responded 200 in 25.1211 ms
2026-08-03 11:15:24.910 +05:30 [INF] HTTP GET /api/subscriptions responded 200 in 22.0742 ms
2026-08-03 11:15:27.306 +05:30 [INF] HTTP GET /api/plans responded 200 in 23.1325 ms
2026-08-03 11:15:27.384 +05:30 [INF] HTTP GET /api/tenants responded 200 in 105.0424 ms
2026-08-03 11:15:27.386 +05:30 [INF] HTTP GET /api/subscriptions responded 200 in 98.1816 ms
2026-08-03 11:15:28.142 +05:30 [INF] HTTP GET /api/plans responded 200 in 14.4827 ms
2026-08-03 11:15:30.008 +05:30 [INF] HTTP OPTIONS /api/plans responded 204 in 0.1217 ms
2026-08-03 11:15:30.025 +05:30 [INF] HTTP OPTIONS /api/tenants responded 204 in 0.0386 ms
2026-08-03 11:15:30.051 +05:30 [INF] HTTP GET /api/plans responded 200 in 24.5975 ms
2026-08-03 11:15:30.076 +05:30 [INF] HTTP GET /api/tenants responded 200 in 29.8969 ms
2026-08-03 11:17:36.269 +05:30 [INF] HTTP OPTIONS /api/dashboard responded 204 in 0.0479 ms
2026-08-03 11:17:36.380 +05:30 [INF] HTTP GET /api/dashboard responded 200 in 66.7551 ms
2026-08-03 11:17:37.173 +05:30 [INF] HTTP OPTIONS /api/plans responded 204 in 0.0385 ms
2026-08-03 11:17:37.233 +05:30 [INF] HTTP GET /api/plans responded 200 in 18.3894 ms
2026-08-03 11:18:49.411 +05:30 [INF] HTTP OPTIONS /api/tenants responded 204 in 0.0410 ms
2026-08-03 11:18:49.439 +05:30 [INF] HTTP OPTIONS /api/plans responded 204 in 0.1431 ms
2026-08-03 11:18:49.517 +05:30 [INF] HTTP OPTIONS /api/subscriptions responded 204 in 0.0885 ms
2026-08-03 11:18:49.584 +05:30 [INF] HTTP GET /api/tenants responded 401 in 39.8972 ms
2026-08-03 11:18:49.584 +05:30 [INF] HTTP GET /api/subscriptions responded 401 in 38.7672 ms
2026-08-03 11:18:49.584 +05:30 [INF] HTTP GET /api/plans responded 401 in 39.9344 ms
2026-08-03 11:18:49.600 +05:30 [INF] HTTP OPTIONS /api/auth/refresh responded 204 in 0.1057 ms
2026-08-03 11:18:49.603 +05:30 [INF] HTTP OPTIONS /api/auth/refresh responded 204 in 0.0456 ms
2026-08-03 11:18:49.605 +05:30 [INF] HTTP OPTIONS /api/auth/refresh responded 204 in 0.0396 ms
2026-08-03 11:18:49.710 +05:30 [INF] HTTP POST /api/auth/refresh responded 200 in 103.1291 ms
2026-08-03 11:18:49.711 +05:30 [INF] HTTP POST /api/auth/refresh responded 200 in 100.5062 ms
2026-08-03 11:18:49.711 +05:30 [INF] HTTP POST /api/auth/refresh responded 200 in 103.5621 ms
2026-08-03 11:18:49.735 +05:30 [INF] HTTP GET /api/plans responded 200 in 14.8058 ms
2026-08-03 11:18:49.743 +05:30 [INF] HTTP GET /api/subscriptions responded 200 in 21.3895 ms
2026-08-03 11:18:49.745 +05:30 [INF] HTTP GET /api/tenants responded 200 in 27.4592 ms
2026-08-03 11:18:54.384 +05:30 [INF] HTTP GET /api/plans responded 200 in 12.5870 ms
2026-08-03 11:19:01.185 +05:30 [INF] HTTP OPTIONS /api/plans/1 responded 204 in 0.4184 ms
2026-08-03 11:19:01.318 +05:30 [INF] HTTP PUT /api/plans/1 responded 200 in 128.7298 ms
2026-08-03 11:19:01.323 +05:30 [INF] HTTP OPTIONS /api/plans responded 204 in 0.0299 ms
2026-08-03 11:19:01.339 +05:30 [INF] HTTP GET /api/plans responded 200 in 11.0674 ms
2026-08-03 11:19:07.220 +05:30 [INF] HTTP OPTIONS /api/tenants responded 204 in 0.0378 ms
2026-08-03 11:19:07.224 +05:30 [INF] HTTP OPTIONS /api/plans responded 204 in 0.0388 ms
2026-08-03 11:19:07.228 +05:30 [INF] HTTP OPTIONS /api/subscriptions responded 204 in 0.0690 ms
2026-08-03 11:19:07.287 +05:30 [INF] HTTP GET /api/plans responded 200 in 44.2350 ms
2026-08-03 11:19:07.296 +05:30 [INF] HTTP GET /api/tenants responded 200 in 39.4797 ms
2026-08-03 11:19:07.300 +05:30 [INF] HTTP GET /api/subscriptions responded 200 in 43.6273 ms
2026-08-03 11:19:35.969 +05:30 [INF] HTTP OPTIONS /api/plans responded 204 in 0.0491 ms
2026-08-03 11:19:36.037 +05:30 [INF] HTTP GET /api/plans responded 200 in 16.6186 ms
2026-08-03 11:19:36.950 +05:30 [INF] HTTP OPTIONS /api/tenants responded 204 in 0.0477 ms
2026-08-03 11:19:37.001 +05:30 [INF] HTTP GET /api/plans responded 200 in 64.6233 ms
2026-08-03 11:19:37.021 +05:30 [INF] HTTP GET /api/tenants responded 200 in 19.8787 ms
2026-08-03 11:29:51.965 +05:30 [INF] HTTP OPTIONS /api/dashboard responded 204 in 0.0771 ms
2026-08-03 11:29:52.321 +05:30 [INF] HTTP GET /api/dashboard responded 200 in 298.1633 ms
2026-08-03 11:32:32.310 +05:30 [INF] HTTP OPTIONS /api/dashboard responded 204 in 0.0573 ms
2026-08-03 11:32:32.551 +05:30 [INF] HTTP GET /api/dashboard responded 401 in 1.0270 ms
2026-08-03 11:32:32.569 +05:30 [INF] HTTP OPTIONS /api/auth/refresh responded 204 in 0.0538 ms
2026-08-03 11:32:32.603 +05:30 [INF] HTTP POST /api/auth/refresh responded 200 in 24.3186 ms
2026-08-03 11:32:32.691 +05:30 [INF] HTTP GET /api/dashboard responded 200 in 80.2514 ms
2026-08-03 11:32:32.886 +05:30 [INF] HTTP OPTIONS /api/dashboard responded 204 in 0.0432 ms
2026-08-03 11:32:33.039 +05:30 [INF] HTTP GET /api/dashboard responded 200 in 142.6535 ms
2026-08-03 11:40:33.578 +05:30 [INF] HTTP OPTIONS /api/dashboard responded 204 in 0.0623 ms
2026-08-03 11:40:33.608 +05:30 [INF] HTTP GET /api/dashboard responded 401 in 1.2880 ms
2026-08-03 11:40:33.658 +05:30 [INF] HTTP OPTIONS /api/auth/refresh responded 204 in 0.0589 ms
2026-08-03 11:40:33.739 +05:30 [INF] HTTP POST /api/auth/refresh responded 200 in 70.7184 ms
2026-08-03 11:40:33.799 +05:30 [INF] HTTP GET /api/dashboard responded 200 in 51.3223 ms
2026-08-03 11:40:36.252 +05:30 [INF] HTTP OPTIONS /api/tenants responded 204 in 0.3071 ms
2026-08-03 11:40:36.269 +05:30 [INF] HTTP OPTIONS /api/plans responded 204 in 0.0344 ms
2026-08-03 11:40:36.269 +05:30 [INF] HTTP OPTIONS /api/subscriptions responded 204 in 0.1174 ms
2026-08-03 11:40:36.378 +05:30 [INF] HTTP GET /api/tenants responded 200 in 58.7078 ms
2026-08-03 11:40:36.401 +05:30 [INF] HTTP GET /api/plans responded 200 in 71.0348 ms
2026-08-03 11:40:36.410 +05:30 [INF] HTTP GET /api/subscriptions responded 200 in 40.2253 ms
2026-08-03 11:40:38.247 +05:30 [INF] HTTP GET /api/plans responded 200 in 33.9420 ms
2026-08-03 11:40:39.851 +05:30 [INF] HTTP OPTIONS /api/tenants responded 204 in 0.0461 ms
2026-08-03 11:40:39.865 +05:30 [INF] HTTP GET /api/plans responded 200 in 20.5299 ms
2026-08-03 11:40:39.902 +05:30 [INF] HTTP GET /api/tenants responded 200 in 34.0922 ms
2026-08-03 11:40:43.870 +05:30 [INF] HTTP OPTIONS /api/plans responded 204 in 0.1640 ms
2026-08-03 11:40:43.934 +05:30 [INF] HTTP GET /api/plans responded 200 in 30.8008 ms
2026-08-03 11:41:14.059 +05:30 [INF] HTTP OPTIONS /api/tenants responded 204 in 0.0643 ms
2026-08-03 11:41:14.071 +05:30 [INF] HTTP OPTIONS /api/plans responded 204 in 0.0768 ms
2026-08-03 11:41:14.077 +05:30 [INF] HTTP OPTIONS /api/subscriptions responded 204 in 0.0741 ms
2026-08-03 11:41:14.199 +05:30 [INF] HTTP GET /api/tenants responded 200 in 103.2389 ms
2026-08-03 11:41:14.218 +05:30 [INF] HTTP GET /api/plans responded 200 in 79.5905 ms
2026-08-03 11:41:14.278 +05:30 [INF] HTTP GET /api/subscriptions responded 200 in 59.0875 ms
2026-08-03 11:41:20.010 +05:30 [INF] HTTP OPTIONS /api/plans responded 204 in 0.1688 ms
2026-08-03 11:41:20.015 +05:30 [INF] HTTP OPTIONS /api/tenants responded 204 in 0.0639 ms
2026-08-03 11:41:20.062 +05:30 [INF] HTTP GET /api/plans responded 200 in 29.7962 ms
2026-08-03 11:41:20.075 +05:30 [INF] HTTP GET /api/tenants responded 200 in 39.4539 ms
2026-08-03 11:41:24.630 +05:30 [INF] HTTP GET /api/plans responded 200 in 28.4152 ms
2026-08-03 11:42:24.371 +05:30 [INF] HTTP OPTIONS /api/plans responded 204 in 0.0468 ms
2026-08-03 11:42:24.480 +05:30 [INF] HTTP POST /api/plans responded 400 in 92.8081 ms
2026-08-03 11:42:39.260 +05:30 [INF] HTTP OPTIONS /api/plans responded 204 in 0.0792 ms
2026-08-03 11:42:39.284 +05:30 [INF] HTTP POST /api/plans responded 400 in 6.9380 ms
2026-08-03 14:56:21.767 +05:30 [INF] ONE ERP Platform API starting
2026-08-03 14:56:23.845 +05:30 [ERR] Hosting failed to start
System.IO.IOException: Failed to bind to address http://127.0.0.1:5180: address already in use.
 ---> Microsoft.AspNetCore.Connections.AddressInUseException: Only one usage of each socket address (protocol/network address/port) is normally permitted.
 ---> System.Net.Sockets.SocketException (10048): Only one usage of each socket address (protocol/network address/port) is normally permitted.
   at System.Net.Sockets.Socket.UpdateStatusAfterSocketErrorAndThrowException(SocketError error, Boolean disconnectOnFailure, String callerName)
   at System.Net.Sockets.Socket.DoBind(EndPoint endPointSnapshot, SocketAddress socketAddress)
   at System.Net.Sockets.Socket.Bind(EndPoint localEP)
   at Microsoft.AspNetCore.Server.Kestrel.Transport.Sockets.SocketTransportOptions.CreateDefaultBoundListenSocket(EndPoint endpoint)
   at Microsoft.AspNetCore.Server.Kestrel.Transport.Sockets.SocketConnectionListener.Bind()
   --- End of inner exception stack trace ---
   at Microsoft.AspNetCore.Server.Kestrel.Transport.Sockets.SocketConnectionListener.Bind()
   at Microsoft.AspNetCore.Server.Kestrel.Transport.Sockets.SocketTransportFactory.BindAsync(EndPoint endpoint, CancellationToken cancellationToken)
   at Microsoft.AspNetCore.Server.Kestrel.Core.Internal.Infrastructure.TransportManager.BindAsync(EndPoint endPoint, ConnectionDelegate connectionDelegate, EndpointConfig endpointConfig, CancellationToken cancellationToken)
   at Microsoft.AspNetCore.Server.Kestrel.Core.KestrelServerImpl.<>c__DisplayClass28_0`1.<<StartAsync>g__OnBind|0>d.MoveNext()
--- End of stack trace from previous location ---
   at Microsoft.AspNetCore.Server.Kestrel.Core.Internal.AddressBinder.BindEndpointAsync(ListenOptions endpoint, AddressBindContext context, CancellationToken cancellationToken)
   --- End of inner exception stack trace ---
   at Microsoft.AspNetCore.Server.Kestrel.Core.Internal.AddressBinder.BindEndpointAsync(ListenOptions endpoint, AddressBindContext context, CancellationToken cancellationToken)
   at Microsoft.AspNetCore.Server.Kestrel.Core.LocalhostListenOptions.BindAsync(AddressBindContext context, CancellationToken cancellationToken)
   at Microsoft.AspNetCore.Server.Kestrel.Core.Internal.AddressBinder.AddressesStrategy.BindAsync(AddressBindContext context, CancellationToken cancellationToken)
   at Microsoft.AspNetCore.Server.Kestrel.Core.KestrelServerImpl.BindAsync(CancellationToken cancellationToken)
   at Microsoft.AspNetCore.Server.Kestrel.Core.KestrelServerImpl.StartAsync[TContext](IHttpApplication`1 application, CancellationToken cancellationToken)
   at Microsoft.AspNetCore.Hosting.GenericWebHostService.StartAsync(CancellationToken cancellationToken)
   at Microsoft.Extensions.Hosting.Internal.Host.<StartAsync>b__14_1(IHostedService service, CancellationToken token)
   at Microsoft.Extensions.Hosting.Internal.Host.ForeachService[T](IEnumerable`1 services, CancellationToken token, Boolean concurrent, Boolean abortOnFirstException, List`1 exceptions, Func`3 operation)
2026-08-03 14:56:24.535 +05:30 [FTL] ONE ERP Platform API terminated unexpectedly
System.IO.IOException: Failed to bind to address http://127.0.0.1:5180: address already in use.
 ---> Microsoft.AspNetCore.Connections.AddressInUseException: Only one usage of each socket address (protocol/network address/port) is normally permitted.
 ---> System.Net.Sockets.SocketException (10048): Only one usage of each socket address (protocol/network address/port) is normally permitted.
   at System.Net.Sockets.Socket.UpdateStatusAfterSocketErrorAndThrowException(SocketError error, Boolean disconnectOnFailure, String callerName)
   at System.Net.Sockets.Socket.DoBind(EndPoint endPointSnapshot, SocketAddress socketAddress)
   at System.Net.Sockets.Socket.Bind(EndPoint localEP)
   at Microsoft.AspNetCore.Server.Kestrel.Transport.Sockets.SocketTransportOptions.CreateDefaultBoundListenSocket(EndPoint endpoint)
   at Microsoft.AspNetCore.Server.Kestrel.Transport.Sockets.SocketConnectionListener.Bind()
   --- End of inner exception stack trace ---
   at Microsoft.AspNetCore.Server.Kestrel.Transport.Sockets.SocketConnectionListener.Bind()
   at Microsoft.AspNetCore.Server.Kestrel.Transport.Sockets.SocketTransportFactory.BindAsync(EndPoint endpoint, CancellationToken cancellationToken)
   at Microsoft.AspNetCore.Server.Kestrel.Core.Internal.Infrastructure.TransportManager.BindAsync(EndPoint endPoint, ConnectionDelegate connectionDelegate, EndpointConfig endpointConfig, CancellationToken cancellationToken)
   at Microsoft.AspNetCore.Server.Kestrel.Core.KestrelServerImpl.<>c__DisplayClass28_0`1.<<StartAsync>g__OnBind|0>d.MoveNext()
--- End of stack trace from previous location ---
   at Microsoft.AspNetCore.Server.Kestrel.Core.Internal.AddressBinder.BindEndpointAsync(ListenOptions endpoint, AddressBindContext context, CancellationToken cancellationToken)
   --- End of inner exception stack trace ---
   at Microsoft.AspNetCore.Server.Kestrel.Core.Internal.AddressBinder.BindEndpointAsync(ListenOptions endpoint, AddressBindContext context, CancellationToken cancellationToken)
   at Microsoft.AspNetCore.Server.Kestrel.Core.LocalhostListenOptions.BindAsync(AddressBindContext context, CancellationToken cancellationToken)
   at Microsoft.AspNetCore.Server.Kestrel.Core.Internal.AddressBinder.AddressesStrategy.BindAsync(AddressBindContext context, CancellationToken cancellationToken)
   at Microsoft.AspNetCore.Server.Kestrel.Core.KestrelServerImpl.BindAsync(CancellationToken cancellationToken)
   at Microsoft.AspNetCore.Server.Kestrel.Core.KestrelServerImpl.StartAsync[TContext](IHttpApplication`1 application, CancellationToken cancellationToken)
   at Microsoft.AspNetCore.Hosting.GenericWebHostService.StartAsync(CancellationToken cancellationToken)
   at Microsoft.Extensions.Hosting.Internal.Host.<StartAsync>b__14_1(IHostedService service, CancellationToken token)
   at Microsoft.Extensions.Hosting.Internal.Host.ForeachService[T](IEnumerable`1 services, CancellationToken token, Boolean concurrent, Boolean abortOnFirstException, List`1 exceptions, Func`3 operation)
   at Microsoft.Extensions.Hosting.Internal.Host.StartAsync(CancellationToken cancellationToken)
   at Microsoft.Extensions.Hosting.HostingAbstractionsHostExtensions.RunAsync(IHost host, CancellationToken token)
   at Microsoft.Extensions.Hosting.HostingAbstractionsHostExtensions.RunAsync(IHost host, CancellationToken token)
   at Microsoft.Extensions.Hosting.HostingAbstractionsHostExtensions.Run(IHost host)
   at Program.<Main>$(String[] args) in D:\AWS\ERP\ONEERP.Platform.API\Program.cs:line 137
2026-08-03 15:03:52.907 +05:30 [INF] ONE ERP Platform API starting
2026-08-03 15:03:55.104 +05:30 [INF] HTTP GET /swagger/index.html responded 200 in 225.7072 ms
2026-08-03 15:03:55.226 +05:30 [INF] HTTP GET /swagger/index.js responded 200 in 81.2322 ms
2026-08-03 15:03:55.579 +05:30 [INF] HTTP GET /swagger/v1/swagger.json responded 200 in 91.6153 ms
