2026-08-03 10:19:17.146 +05:30 [INF] ONE ERP Platform API starting
2026-08-03 10:20:57.812 +05:30 [INF] HTTP GET /swagger.html responded 404 in 1535.6476 ms
2026-08-03 10:37:48.112 +05:30 [INF] ONE ERP Platform API starting
2026-08-03 10:37:54.129 +05:30 [INF] HTTP GET /swagger/index.html responded 200 in 136.6388 ms
2026-08-03 10:38:07.636 +05:30 [INF] HTTP GET /swagger responded 301 in 3.8202 ms
2026-08-03 10:38:07.721 +05:30 [INF] HTTP GET /swagger/index.html responded 200 in 14.6504 ms
2026-08-03 10:38:07.775 +05:30 [INF] HTTP GET /swagger/index.js responded 200 in 2.2012 ms
2026-08-03 10:38:08.194 +05:30 [INF] HTTP GET /swagger/v1/swagger.json responded 200 in 289.0645 ms
2026-08-03 11:46:30.623 +05:30 [INF] ONE ERP Platform API starting
2026-08-03 11:46:42.256 +05:30 [INF] HTTP GET /swagger/v1/swagger.json responded 200 in 318.4684 ms
2026-08-03 11:46:53.888 +05:30 [INF] HTTP GET /swagger/v1/swagger.json responded 200 in 39.2697 ms
2026-08-03 11:48:39.646 +05:30 [INF] HTTP OPTIONS /api/plans responded 204 in 7.8767 ms
2026-08-03 11:48:41.246 +05:30 [INF] HTTP GET /api/plans responded 200 in 1370.8457 ms
2026-08-03 11:49:16.951 +05:30 [INF] HTTP OPTIONS /api/plans responded 204 in 0.1596 ms
2026-08-03 11:49:17.158 +05:30 [INF] HTTP POST /api/plans responded 200 in 199.1113 ms
2026-08-03 11:49:17.168 +05:30 [INF] HTTP OPTIONS /api/plans responded 204 in 0.1145 ms
2026-08-03 11:49:17.215 +05:30 [INF] HTTP GET /api/plans responded 200 in 36.2201 ms
2026-08-03 11:49:30.533 +05:30 [INF] HTTP OPTIONS /api/tenants responded 204 in 0.1736 ms
2026-08-03 11:49:30.551 +05:30 [INF] HTTP OPTIONS /api/plans responded 204 in 0.1393 ms
2026-08-03 11:49:30.557 +05:30 [INF] HTTP OPTIONS /api/subscriptions responded 204 in 0.4745 ms
2026-08-03 11:49:30.640 +05:30 [INF] HTTP GET /api/plans responded 200 in 42.7701 ms
2026-08-03 11:49:30.758 +05:30 [INF] HTTP GET /api/subscriptions responded 200 in 143.9001 ms
2026-08-03 11:49:30.816 +05:30 [INF] HTTP GET /api/tenants responded 200 in 233.6552 ms
2026-08-03 11:51:02.712 +05:30 [INF] HTTP OPTIONS /api/dashboard responded 204 in 0.1130 ms
2026-08-03 11:51:02.755 +05:30 [INF] HTTP GET /api/dashboard responded 401 in 17.1921 ms
2026-08-03 11:51:02.771 +05:30 [INF] HTTP OPTIONS /api/auth/refresh responded 204 in 0.1263 ms
2026-08-03 11:51:02.995 +05:30 [INF] HTTP POST /api/auth/refresh responded 200 in 209.8206 ms
2026-08-03 11:51:03.128 +05:30 [INF] HTTP GET /api/dashboard responded 200 in 124.2914 ms
2026-08-03 11:51:03.433 +05:30 [INF] HTTP OPTIONS /api/tenants responded 204 in 0.2025 ms
2026-08-03 11:51:03.435 +05:30 [INF] HTTP OPTIONS /api/plans responded 204 in 0.0771 ms
2026-08-03 11:51:03.452 +05:30 [INF] HTTP GET /api/plans responded 200 in 11.1412 ms
2026-08-03 11:51:03.465 +05:30 [INF] HTTP OPTIONS /api/subscriptions responded 204 in 0.0814 ms
2026-08-03 11:51:03.481 +05:30 [INF] HTTP GET /api/tenants responded 200 in 42.7066 ms
2026-08-03 11:51:03.493 +05:30 [INF] HTTP GET /api/subscriptions responded 200 in 16.6823 ms
2026-08-03 11:54:50.455 +05:30 [INF] HTTP OPTIONS /api/tenants responded 204 in 0.3481 ms
2026-08-03 11:54:50.456 +05:30 [INF] HTTP OPTIONS /api/plans responded 204 in 0.0932 ms
2026-08-03 11:54:50.477 +05:30 [INF] HTTP OPTIONS /api/subscriptions responded 204 in 0.1032 ms
2026-08-03 11:54:50.490 +05:30 [INF] HTTP GET /api/plans responded 200 in 20.2946 ms
2026-08-03 11:54:50.518 +05:30 [INF] HTTP GET /api/tenants responded 200 in 53.7530 ms
2026-08-03 11:54:50.529 +05:30 [INF] HTTP GET /api/subscriptions responded 200 in 39.9912 ms
2026-08-03 11:54:53.365 +05:30 [INF] HTTP OPTIONS /api/subscriptions/3 responded 204 in 0.2250 ms
2026-08-03 11:54:53.445 +05:30 [INF] HTTP PUT /api/subscriptions/3 responded 200 in 64.6092 ms
2026-08-03 11:54:53.488 +05:30 [INF] HTTP GET /api/subscriptions responded 200 in 28.9849 ms
2026-08-03 11:54:54.926 +05:30 [INF] HTTP OPTIONS /api/subscriptions/2 responded 204 in 0.2844 ms
2026-08-03 11:54:54.970 +05:30 [INF] HTTP PUT /api/subscriptions/2 responded 200 in 33.2192 ms
2026-08-03 11:54:55.013 +05:30 [INF] HTTP GET /api/subscriptions responded 200 in 33.3172 ms
2026-08-03 11:54:56.674 +05:30 [INF] HTTP OPTIONS /api/subscriptions/1 responded 204 in 0.0989 ms
2026-08-03 11:54:56.734 +05:30 [INF] HTTP PUT /api/subscriptions/1 responded 200 in 54.2976 ms
2026-08-03 11:54:56.744 +05:30 [INF] HTTP OPTIONS /api/subscriptions responded 204 in 0.0949 ms
2026-08-03 11:54:56.787 +05:30 [INF] HTTP GET /api/subscriptions responded 200 in 35.2349 ms
2026-08-03 11:54:57.886 +05:30 [INF] HTTP OPTIONS /api/subscriptions/4 responded 204 in 0.0828 ms
2026-08-03 11:54:57.939 +05:30 [INF] HTTP PUT /api/subscriptions/4 responded 200 in 45.3424 ms
2026-08-03 11:54:57.978 +05:30 [INF] HTTP GET /api/subscriptions responded 200 in 29.9049 ms
2026-08-03 11:56:30.995 +05:30 [INF] HTTP OPTIONS /api/subscriptions/4 responded 204 in 0.1179 ms
2026-08-03 11:56:31.045 +05:30 [INF] HTTP PUT /api/subscriptions/4 responded 200 in 39.9754 ms
2026-08-03 11:56:31.056 +05:30 [INF] HTTP OPTIONS /api/subscriptions responded 204 in 0.1048 ms
2026-08-03 11:56:31.092 +05:30 [INF] HTTP GET /api/subscriptions responded 200 in 28.6055 ms
2026-08-03 11:56:32.536 +05:30 [INF] HTTP PUT /api/subscriptions/4 responded 200 in 28.1586 ms
2026-08-03 11:56:32.563 +05:30 [INF] HTTP GET /api/subscriptions responded 200 in 19.7928 ms
2026-08-03 11:56:35.238 +05:30 [INF] HTTP OPTIONS /api/subscriptions/1 responded 204 in 0.0821 ms
2026-08-03 11:56:35.245 +05:30 [INF] HTTP PUT /api/subscriptions/1 responded 401 in 1.4074 ms
2026-08-03 11:56:35.257 +05:30 [INF] HTTP OPTIONS /api/auth/refresh responded 204 in 0.0861 ms
2026-08-03 11:56:35.290 +05:30 [INF] HTTP POST /api/auth/refresh responded 200 in 26.8021 ms
2026-08-03 11:56:35.322 +05:30 [INF] HTTP PUT /api/subscriptions/1 responded 200 in 22.4467 ms
2026-08-03 11:56:35.354 +05:30 [INF] HTTP GET /api/subscriptions responded 200 in 22.6146 ms
2026-08-03 11:56:43.809 +05:30 [INF] HTTP OPTIONS /api/tenants responded 204 in 0.0902 ms
2026-08-03 11:56:43.814 +05:30 [INF] HTTP OPTIONS /api/plans responded 204 in 0.0856 ms
2026-08-03 11:56:43.815 +05:30 [INF] HTTP OPTIONS /api/subscriptions responded 204 in 0.1835 ms
2026-08-03 11:56:43.893 +05:30 [INF] HTTP GET /api/plans responded 200 in 46.9272 ms
2026-08-03 11:56:43.907 +05:30 [INF] HTTP GET /api/tenants responded 200 in 65.1021 ms
2026-08-03 11:56:43.944 +05:30 [INF] HTTP GET /api/subscriptions responded 200 in 93.4061 ms
2026-08-03 11:56:44.797 +05:30 [INF] HTTP OPTIONS /api/tenants responded 204 in 0.1188 ms
2026-08-03 11:56:44.836 +05:30 [INF] HTTP GET /api/plans responded 200 in 42.7607 ms
2026-08-03 11:56:44.886 +05:30 [INF] HTTP GET /api/tenants responded 200 in 61.3862 ms
2026-08-03 11:58:36.994 +05:30 [INF] HTTP OPTIONS /api/plans responded 204 in 0.0623 ms
2026-08-03 11:58:37.052 +05:30 [INF] HTTP GET /api/plans responded 200 in 22.8355 ms
2026-08-03 11:58:38.966 +05:30 [INF] HTTP OPTIONS /api/tenants responded 204 in 0.0584 ms
2026-08-03 11:58:38.976 +05:30 [INF] HTTP OPTIONS /api/subscriptions responded 204 in 0.0323 ms
2026-08-03 11:58:38.998 +05:30 [INF] HTTP GET /api/plans responded 200 in 23.0552 ms
2026-08-03 11:58:39.010 +05:30 [INF] HTTP GET /api/tenants responded 200 in 29.3224 ms
2026-08-03 11:58:39.017 +05:30 [INF] HTTP GET /api/subscriptions responded 200 in 23.0927 ms
2026-08-03 11:59:15.411 +05:30 [INF] HTTP OPTIONS /api/tenants responded 204 in 0.5251 ms
2026-08-03 11:59:15.416 +05:30 [INF] HTTP OPTIONS /api/plans responded 204 in 0.0396 ms
2026-08-03 11:59:15.431 +05:30 [INF] HTTP OPTIONS /api/subscriptions responded 204 in 0.0509 ms
2026-08-03 11:59:15.562 +05:30 [INF] HTTP GET /api/plans responded 200 in 91.5773 ms
2026-08-03 11:59:15.578 +05:30 [INF] HTTP GET /api/tenants responded 200 in 123.5671 ms
2026-08-03 11:59:15.620 +05:30 [INF] HTTP GET /api/subscriptions responded 200 in 33.9800 ms
2026-08-03 12:00:45.801 +05:30 [INF] HTTP OPTIONS /api/tenants responded 204 in 0.0479 ms
2026-08-03 12:00:45.803 +05:30 [INF] HTTP OPTIONS /api/plans responded 204 in 0.0452 ms
2026-08-03 12:00:45.813 +05:30 [INF] HTTP OPTIONS /api/subscriptions responded 204 in 0.0469 ms
2026-08-03 12:00:45.902 +05:30 [INF] HTTP GET /api/plans responded 200 in 70.0145 ms
2026-08-03 12:00:45.912 +05:30 [INF] HTTP GET /api/tenants responded 200 in 91.1175 ms
2026-08-03 12:00:45.936 +05:30 [INF] HTTP GET /api/subscriptions responded 200 in 75.5077 ms
2026-08-03 12:01:05.264 +05:30 [INF] HTTP OPTIONS /api/plans responded 204 in 0.0730 ms
2026-08-03 12:01:05.314 +05:30 [INF] HTTP GET /api/plans responded 200 in 28.7692 ms
2026-08-03 12:01:06.572 +05:30 [INF] HTTP OPTIONS /api/tenants responded 204 in 0.0673 ms
2026-08-03 12:01:06.613 +05:30 [INF] HTTP GET /api/plans responded 200 in 46.8827 ms
2026-08-03 12:01:06.666 +05:30 [INF] HTTP GET /api/tenants responded 200 in 52.7346 ms
2026-08-03 12:07:03.707 +05:30 [INF] HTTP OPTIONS /api/tenants responded 204 in 0.0857 ms
2026-08-03 12:07:03.718 +05:30 [INF] HTTP OPTIONS /api/plans responded 204 in 0.0761 ms
2026-08-03 12:07:03.727 +05:30 [INF] HTTP OPTIONS /api/subscriptions responded 204 in 0.0964 ms
2026-08-03 12:07:03.922 +05:30 [INF] HTTP GET /api/plans responded 200 in 164.1886 ms
2026-08-03 12:07:03.929 +05:30 [INF] HTTP GET /api/subscriptions responded 200 in 167.7126 ms
2026-08-03 12:07:03.931 +05:30 [INF] HTTP GET /api/tenants responded 200 in 195.0832 ms
2026-08-03 12:07:05.344 +05:30 [INF] HTTP GET /api/plans responded 200 in 61.0121 ms
2026-08-03 12:07:06.896 +05:30 [INF] HTTP GET /api/plans responded 200 in 33.9956 ms
2026-08-03 12:07:06.910 +05:30 [INF] HTTP GET /api/tenants responded 200 in 52.0604 ms
2026-08-03 12:07:06.914 +05:30 [INF] HTTP GET /api/subscriptions responded 200 in 37.4102 ms
2026-08-03 12:07:08.274 +05:30 [INF] HTTP GET /api/plans responded 200 in 28.9737 ms
2026-08-03 12:09:58.826 +05:30 [INF] HTTP OPTIONS /api/plans responded 204 in 0.0542 ms
2026-08-03 12:09:58.851 +05:30 [INF] HTTP GET /api/plans responded 200 in 17.3938 ms
2026-08-03 12:10:45.518 +05:30 [INF] HTTP OPTIONS /api/plans responded 204 in 0.0476 ms
2026-08-03 12:10:45.551 +05:30 [INF] HTTP OPTIONS /api/tenants responded 204 in 0.0692 ms
2026-08-03 12:10:45.557 +05:30 [INF] HTTP OPTIONS /api/subscriptions responded 204 in 0.0466 ms
2026-08-03 12:10:45.660 +05:30 [INF] HTTP GET /api/subscriptions responded 200 in 73.5812 ms
2026-08-03 12:10:45.686 +05:30 [INF] HTTP GET /api/plans responded 200 in 120.0358 ms
2026-08-03 12:10:45.709 +05:30 [INF] HTTP GET /api/tenants responded 200 in 125.0453 ms
2026-08-03 12:10:49.139 +05:30 [INF] HTTP GET /api/plans responded 200 in 48.4148 ms
2026-08-03 12:15:27.045 +05:30 [INF] HTTP OPTIONS /api/dashboard responded 204 in 0.0498 ms
2026-08-03 12:15:27.164 +05:30 [INF] HTTP GET /api/dashboard responded 401 in 0.7206 ms
2026-08-03 12:15:27.178 +05:30 [INF] HTTP OPTIONS /api/auth/refresh responded 204 in 0.0426 ms
2026-08-03 12:15:27.258 +05:30 [INF] HTTP POST /api/auth/refresh responded 200 in 58.9225 ms
2026-08-03 12:15:27.374 +05:30 [INF] HTTP GET /api/dashboard responded 200 in 109.1409 ms
2026-08-03 12:15:27.894 +05:30 [INF] HTTP OPTIONS /api/plans responded 204 in 0.0445 ms
2026-08-03 12:15:27.916 +05:30 [INF] HTTP GET /api/plans responded 401 in 17.2436 ms
2026-08-03 12:15:27.963 +05:30 [INF] HTTP OPTIONS /api/auth/refresh responded 204 in 0.0485 ms
2026-08-03 12:15:27.986 +05:30 [INF] HTTP POST /api/auth/refresh responded 200 in 18.4786 ms
2026-08-03 12:15:28.012 +05:30 [INF] HTTP GET /api/plans responded 200 in 14.5440 ms
2026-08-03 12:15:40.197 +05:30 [INF] HTTP OPTIONS /api/dashboard responded 204 in 0.0467 ms
2026-08-03 12:15:40.263 +05:30 [INF] HTTP GET /api/dashboard responded 200 in 60.8641 ms
2026-08-03 12:15:41.008 +05:30 [INF] HTTP OPTIONS /api/plans responded 204 in 0.0624 ms
2026-08-03 12:15:41.027 +05:30 [INF] HTTP GET /api/plans responded 200 in 12.3083 ms
2026-08-03 12:24:32.700 +05:30 [INF] ONE ERP Platform API starting
2026-08-03 12:25:45.802 +05:30 [INF] HTTP POST /api/auth/login responded 200 in 1686.3411 ms
2026-08-03 12:25:46.148 +05:30 [INF] HTTP GET /api/tenants responded 200 in 302.9625 ms
2026-08-03 12:26:07.346 +05:30 [INF] HTTP POST /api/auth/login responded 200 in 488.8619 ms
2026-08-03 12:26:08.400 +05:30 [INF] Created tenant database ERP_TESTCO
2026-08-03 12:26:08.652 +05:30 [INF] Provisioned tenant schema and seed data for ERP_TESTCO
2026-08-03 12:26:08.695 +05:30 [INF] HTTP POST /api/tenants responded 200 in 1315.8597 ms
2026-08-03 12:32:01.029 +05:30 [INF] HTTP OPTIONS /api/plans responded 204 in 6.3577 ms
2026-08-03 12:32:01.070 +05:30 [INF] HTTP GET /api/plans responded 401 in 23.3858 ms
2026-08-03 12:32:01.176 +05:30 [INF] HTTP OPTIONS /api/auth/refresh responded 204 in 0.3127 ms
2026-08-03 12:32:01.279 +05:30 [INF] HTTP POST /api/auth/refresh responded 200 in 78.9076 ms
2026-08-03 12:33:44.644 +05:30 [INF] HTTP OPTIONS /api/dashboard responded 204 in 0.1503 ms
2026-08-03 12:33:44.657 +05:30 [INF] HTTP GET /api/dashboard responded 401 in 2.7032 ms
2026-08-03 12:33:44.767 +05:30 [INF] HTTP OPTIONS /api/auth/refresh responded 204 in 0.2709 ms
2026-08-03 12:33:44.783 +05:30 [ERR] HTTP POST /api/auth/refresh responded 500 in 7.2171 ms
ONEERP.Shared.Exceptions.UnauthorizedAccess: Invalid or expired refresh token.
   at ONEERP.Platform.API.Services.PlatformAuthService.RefreshAsync(String refreshToken) in D:\AWS\ERP\ONEERP.Platform.API\Services\PlatformAuthService.cs:line 55
   at ONEERP.Platform.API.Controllers.AuthController.Refresh(RefreshTokenRequest request) in D:\AWS\ERP\ONEERP.Platform.API\Controllers\AuthController.cs:line 49
   at Microsoft.AspNetCore.Mvc.Infrastructure.ActionMethodExecutor.TaskOfIActionResultExecutor.Execute(ActionContext actionContext, IActionResultTypeMapper mapper, ObjectMethodExecutor executor, Object controller, Object[] arguments)
   at Microsoft.AspNetCore.Mvc.Infrastructure.ControllerActionInvoker.<InvokeActionMethodAsync>g__Awaited|12_0(ControllerActionInvoker invoker, ValueTask`1 actionResultValueTask)
   at Microsoft.AspNetCore.Mvc.Infrastructure.ControllerActionInvoker.<InvokeNextActionFilterAsync>g__Awaited|10_0(ControllerActionInvoker invoker, Task lastTask, State next, Scope scope, Object state, Boolean isCompleted)
   at Microsoft.AspNetCore.Mvc.Infrastructure.ControllerActionInvoker.Rethrow(ActionExecutedContextSealed context)
   at Microsoft.AspNetCore.Mvc.Infrastructure.ControllerActionInvoker.Next(State& next, Scope& scope, Object& state, Boolean& isCompleted)
   at Microsoft.AspNetCore.Mvc.Infrastructure.ControllerActionInvoker.<InvokeInnerFilterAsync>g__Awaited|13_0(ControllerActionInvoker invoker, Task lastTask, State next, Scope scope, Object state, Boolean isCompleted)
   at Microsoft.AspNetCore.Mvc.Infrastructure.ResourceInvoker.<InvokeFilterPipelineAsync>g__Awaited|20_0(ResourceInvoker invoker, Task lastTask, State next, Scope scope, Object state, Boolean isCompleted)
   at Microsoft.AspNetCore.Mvc.Infrastructure.ResourceInvoker.<InvokeAsync>g__Awaited|17_0(ResourceInvoker invoker, Task task, IDisposable scope)
   at Microsoft.AspNetCore.Mvc.Infrastructure.ResourceInvoker.<InvokeAsync>g__Awaited|17_0(ResourceInvoker invoker, Task task, IDisposable scope)
   at Microsoft.AspNetCore.Authorization.AuthorizationMiddleware.Invoke(HttpContext context)
   at Microsoft.AspNetCore.Authentication.AuthenticationMiddleware.Invoke(HttpContext context)
   at Swashbuckle.AspNetCore.SwaggerUI.SwaggerUIMiddleware.Invoke(HttpContext httpContext)
   at Swashbuckle.AspNetCore.Swagger.SwaggerMiddleware.Invoke(HttpContext httpContext, ISwaggerProvider swaggerProvider)
   at Serilog.AspNetCore.RequestLoggingMiddleware.Invoke(HttpContext httpContext)
2026-08-03 12:33:44.846 +05:30 [WRN] Domain error 401: Invalid or expired refresh token.
2026-08-03 12:33:44.860 +05:30 [INF] HTTP OPTIONS /api/auth/logout responded 204 in 0.1025 ms
2026-08-03 12:33:44.886 +05:30 [INF] HTTP POST /api/auth/logout responded 401 in 0.7154 ms
2026-08-03 12:33:44.901 +05:30 [ERR] HTTP POST /api/auth/refresh responded 500 in 2.5563 ms
ONEERP.Shared.Exceptions.UnauthorizedAccess: Invalid or expired refresh token.
   at ONEERP.Platform.API.Services.PlatformAuthService.RefreshAsync(String refreshToken) in D:\AWS\ERP\ONEERP.Platform.API\Services\PlatformAuthService.cs:line 55
   at ONEERP.Platform.API.Controllers.AuthController.Refresh(RefreshTokenRequest request) in D:\AWS\ERP\ONEERP.Platform.API\Controllers\AuthController.cs:line 49
   at Microsoft.AspNetCore.Mvc.Infrastructure.ActionMethodExecutor.TaskOfIActionResultExecutor.Execute(ActionContext actionContext, IActionResultTypeMapper mapper, ObjectMethodExecutor executor, Object controller, Object[] arguments)
   at Microsoft.AspNetCore.Mvc.Infrastructure.ControllerActionInvoker.<InvokeActionMethodAsync>g__Awaited|12_0(ControllerActionInvoker invoker, ValueTask`1 actionResultValueTask)
   at Microsoft.AspNetCore.Mvc.Infrastructure.ControllerActionInvoker.<InvokeNextActionFilterAsync>g__Awaited|10_0(ControllerActionInvoker invoker, Task lastTask, State next, Scope scope, Object state, Boolean isCompleted)
   at Microsoft.AspNetCore.Mvc.Infrastructure.ControllerActionInvoker.Rethrow(ActionExecutedContextSealed context)
   at Microsoft.AspNetCore.Mvc.Infrastructure.ControllerActionInvoker.Next(State& next, Scope& scope, Object& state, Boolean& isCompleted)
   at Microsoft.AspNetCore.Mvc.Infrastructure.ControllerActionInvoker.<InvokeInnerFilterAsync>g__Awaited|13_0(ControllerActionInvoker invoker, Task lastTask, State next, Scope scope, Object state, Boolean isCompleted)
   at Microsoft.AspNetCore.Mvc.Infrastructure.ResourceInvoker.<InvokeFilterPipelineAsync>g__Awaited|20_0(ResourceInvoker invoker, Task lastTask, State next, Scope scope, Object state, Boolean isCompleted)
   at Microsoft.AspNetCore.Mvc.Infrastructure.ResourceInvoker.<InvokeAsync>g__Awaited|17_0(ResourceInvoker invoker, Task task, IDisposable scope)
   at Microsoft.AspNetCore.Mvc.Infrastructure.ResourceInvoker.<InvokeAsync>g__Awaited|17_0(ResourceInvoker invoker, Task task, IDisposable scope)
   at Microsoft.AspNetCore.Authorization.AuthorizationMiddleware.Invoke(HttpContext context)
   at Microsoft.AspNetCore.Authentication.AuthenticationMiddleware.Invoke(HttpContext context)
   at Swashbuckle.AspNetCore.SwaggerUI.SwaggerUIMiddleware.Invoke(HttpContext httpContext)
   at Swashbuckle.AspNetCore.Swagger.SwaggerMiddleware.Invoke(HttpContext httpContext, ISwaggerProvider swaggerProvider)
   at Serilog.AspNetCore.RequestLoggingMiddleware.Invoke(HttpContext httpContext)
2026-08-03 12:33:44.914 +05:30 [WRN] Domain error 401: Invalid or expired refresh token.
2026-08-03 12:33:44.925 +05:30 [INF] HTTP POST /api/auth/logout responded 401 in 1.5026 ms
2026-08-03 12:33:48.069 +05:30 [INF] HTTP OPTIONS /api/auth/login responded 204 in 0.4752 ms
2026-08-03 12:33:48.469 +05:30 [INF] HTTP POST /api/auth/login responded 200 in 343.7668 ms
2026-08-03 12:33:48.820 +05:30 [INF] HTTP GET /api/dashboard responded 200 in 180.8472 ms
2026-08-03 12:33:52.450 +05:30 [INF] HTTP OPTIONS /api/tenants responded 204 in 0.2008 ms
2026-08-03 12:33:52.463 +05:30 [INF] HTTP OPTIONS /api/plans responded 204 in 0.1697 ms
2026-08-03 12:33:52.472 +05:30 [INF] HTTP OPTIONS /api/subscriptions responded 204 in 0.1261 ms
2026-08-03 12:33:52.555 +05:30 [INF] HTTP GET /api/tenants responded 200 in 70.5849 ms
2026-08-03 12:33:52.591 +05:30 [INF] HTTP GET /api/plans responded 200 in 91.5688 ms
2026-08-03 12:33:52.601 +05:30 [INF] HTTP GET /api/subscriptions responded 200 in 80.6210 ms
2026-08-03 12:33:54.813 +05:30 [INF] HTTP OPTIONS /api/tenants responded 204 in 0.3502 ms
2026-08-03 12:33:54.820 +05:30 [INF] HTTP GET /api/plans responded 200 in 25.5149 ms
2026-08-03 12:33:54.859 +05:30 [INF] HTTP GET /api/tenants responded 200 in 34.1513 ms
2026-08-03 12:35:41.750 +05:30 [INF] HTTP OPTIONS /api/tenants responded 204 in 0.5261 ms
2026-08-03 12:35:42.586 +05:30 [INF] Created tenant database ERP_SMP
2026-08-03 12:35:42.873 +05:30 [INF] Provisioned tenant schema and seed data for ERP_SMP
2026-08-03 12:35:42.908 +05:30 [INF] HTTP POST /api/tenants responded 200 in 1138.7075 ms
2026-08-03 12:35:42.917 +05:30 [INF] HTTP OPTIONS /api/tenants responded 204 in 0.0920 ms
2026-08-03 12:35:42.983 +05:30 [INF] HTTP GET /api/tenants responded 200 in 58.8452 ms
2026-08-03 12:39:29.292 +05:30 [INF] HTTP OPTIONS /api/plans responded 204 in 0.2835 ms
2026-08-03 12:39:29.298 +05:30 [INF] HTTP OPTIONS /api/tenants responded 204 in 0.0886 ms
2026-08-03 12:39:29.332 +05:30 [INF] HTTP GET /api/plans responded 200 in 22.7360 ms
2026-08-03 12:39:29.359 +05:30 [INF] HTTP GET /api/tenants responded 200 in 45.6709 ms
2026-08-03 12:39:36.013 +05:30 [INF] HTTP OPTIONS /api/tenants responded 204 in 0.9032 ms
2026-08-03 12:39:36.017 +05:30 [INF] HTTP OPTIONS /api/plans responded 204 in 0.1397 ms
2026-08-03 12:39:36.049 +05:30 [INF] HTTP OPTIONS /api/subscriptions responded 204 in 0.2006 ms
2026-08-03 12:39:36.088 +05:30 [INF] HTTP GET /api/plans responded 200 in 13.5146 ms
2026-08-03 12:39:36.098 +05:30 [INF] HTTP GET /api/tenants responded 200 in 31.8752 ms
2026-08-03 12:39:36.117 +05:30 [INF] HTTP GET /api/subscriptions responded 200 in 40.7482 ms
2026-08-03 12:39:38.744 +05:30 [INF] HTTP GET /api/plans responded 200 in 18.7458 ms
2026-08-03 12:39:40.463 +05:30 [INF] HTTP OPTIONS /api/tenants responded 204 in 0.1669 ms
2026-08-03 12:39:40.479 +05:30 [INF] HTTP GET /api/plans responded 200 in 12.8185 ms
2026-08-03 12:39:40.531 +05:30 [INF] HTTP GET /api/tenants responded 200 in 24.9806 ms
2026-08-03 12:44:58.220 +05:30 [INF] HTTP OPTIONS /api/plans responded 204 in 0.0976 ms
2026-08-03 12:44:58.247 +05:30 [INF] HTTP OPTIONS /api/tenants responded 204 in 0.0705 ms
2026-08-03 12:44:58.269 +05:30 [INF] HTTP GET /api/plans responded 200 in 34.2866 ms
2026-08-03 12:44:58.298 +05:30 [INF] HTTP GET /api/tenants responded 200 in 43.5323 ms
2026-08-03 12:45:29.319 +05:30 [INF] HTTP OPTIONS /api/plans responded 204 in 0.0835 ms
2026-08-03 12:45:29.332 +05:30 [INF] HTTP OPTIONS /api/tenants responded 204 in 0.1013 ms
2026-08-03 12:45:29.356 +05:30 [INF] HTTP GET /api/plans responded 200 in 21.6724 ms
2026-08-03 12:45:29.408 +05:30 [INF] HTTP GET /api/tenants responded 200 in 64.9022 ms
2026-08-03 12:45:31.668 +05:30 [INF] HTTP GET /api/plans responded 200 in 14.6135 ms
2026-08-03 12:45:31.683 +05:30 [INF] HTTP GET /api/tenants responded 200 in 25.4322 ms
2026-08-03 12:45:36.735 +05:30 [INF] HTTP OPTIONS /api/tenants/1/users responded 204 in 0.1107 ms
2026-08-03 12:45:36.747 +05:30 [INF] HTTP GET /api/tenants/1/users responded 404 in 1.2004 ms
2026-08-03 12:46:03.374 +05:30 [INF] ONE ERP Platform API starting
2026-08-03 12:46:23.212 +05:30 [INF] HTTP POST /api/auth/login responded 200 in 976.8351 ms
2026-08-03 12:46:23.567 +05:30 [INF] HTTP GET /api/tenants/4/users responded 200 in 267.2890 ms
2026-08-03 12:46:36.316 +05:30 [INF] HTTP POST /api/auth/login responded 200 in 471.0085 ms
2026-08-03 12:46:36.412 +05:30 [INF] HTTP PUT /api/tenants/1/status responded 200 in 72.0984 ms
2026-08-03 12:46:36.561 +05:30 [INF] HTTP PUT /api/tenants/1/status responded 200 in 57.9838 ms
2026-08-03 12:46:37.297 +05:30 [INF] HTTP OPTIONS /api/tenants/6/users responded 204 in 2.0016 ms
2026-08-03 12:46:37.336 +05:30 [INF] HTTP GET /api/tenants/6/users responded 200 in 33.3008 ms
2026-08-03 12:46:41.093 +05:30 [INF] HTTP OPTIONS /api/tenants/5/users responded 204 in 0.6774 ms
2026-08-03 12:46:41.282 +05:30 [INF] HTTP GET /api/tenants/5/users responded 200 in 169.8607 ms
2026-08-03 12:46:44.940 +05:30 [INF] HTTP OPTIONS /api/tenants/1/users responded 204 in 0.1134 ms
2026-08-03 12:46:45.002 +05:30 [INF] HTTP GET /api/tenants/1/users responded 200 in 49.3600 ms
2026-08-03 12:46:53.876 +05:30 [INF] HTTP OPTIONS /api/tenants/6/users responded 204 in 0.1146 ms
2026-08-03 12:46:53.929 +05:30 [INF] HTTP GET /api/tenants/6/users responded 200 in 43.9019 ms
2026-08-03 12:47:12.980 +05:30 [INF] HTTP OPTIONS /api/tenants/6/users responded 204 in 0.1033 ms
2026-08-03 12:47:13.006 +05:30 [INF] HTTP GET /api/tenants/6/users responded 200 in 19.9015 ms
2026-08-03 12:47:55.936 +05:30 [INF] HTTP OPTIONS /api/plans responded 204 in 0.1813 ms
2026-08-03 12:47:55.980 +05:30 [INF] HTTP OPTIONS /api/tenants responded 204 in 0.1659 ms
2026-08-03 12:47:56.187 +05:30 [INF] HTTP GET /api/plans responded 200 in 235.0703 ms
2026-08-03 12:47:56.255 +05:30 [INF] HTTP GET /api/tenants responded 200 in 120.5414 ms
2026-08-03 12:48:07.134 +05:30 [INF] HTTP OPTIONS /api/tenants/6/users responded 204 in 0.4850 ms
2026-08-03 12:48:07.176 +05:30 [INF] HTTP GET /api/tenants/6/users responded 200 in 34.0584 ms
2026-08-03 12:50:01.791 +05:30 [INF] HTTP OPTIONS /api/plans responded 204 in 0.7315 ms
2026-08-03 12:50:01.800 +05:30 [INF] HTTP OPTIONS /api/tenants responded 204 in 1.3989 ms
2026-08-03 12:50:01.857 +05:30 [INF] HTTP GET /api/plans responded 401 in 43.1891 ms
2026-08-03 12:50:02.015 +05:30 [INF] HTTP GET /api/tenants responded 401 in 1.1500 ms
2026-08-03 12:50:02.047 +05:30 [INF] HTTP OPTIONS /api/auth/refresh responded 204 in 0.1075 ms
2026-08-03 12:50:02.360 +05:30 [INF] HTTP POST /api/auth/refresh responded 200 in 172.0557 ms
2026-08-03 12:50:02.378 +05:30 [INF] HTTP POST /api/auth/refresh responded 200 in 193.6274 ms
2026-08-03 12:50:02.570 +05:30 [INF] HTTP GET /api/plans responded 200 in 52.5428 ms
2026-08-03 12:50:02.590 +05:30 [INF] HTTP GET /api/tenants responded 200 in 86.6672 ms
2026-08-03 12:50:05.355 +05:30 [INF] HTTP OPTIONS /api/tenants/6/users responded 204 in 0.3382 ms
2026-08-03 12:50:05.412 +05:30 [INF] HTTP GET /api/tenants/6/users responded 200 in 49.9468 ms
2026-08-03 12:50:19.675 +05:30 [INF] HTTP OPTIONS /api/tenants/5/users responded 204 in 0.1012 ms
2026-08-03 12:50:19.749 +05:30 [INF] HTTP GET /api/tenants/5/users responded 200 in 63.8065 ms
2026-08-03 12:50:24.400 +05:30 [INF] HTTP OPTIONS /api/tenants/1/users responded 204 in 0.1749 ms
2026-08-03 12:50:24.460 +05:30 [INF] HTTP GET /api/tenants/1/users responded 200 in 54.7027 ms
2026-08-03 12:55:20.453 +05:30 [INF] HTTP OPTIONS /api/tenants/6/users responded 204 in 0.2927 ms
2026-08-03 12:55:20.518 +05:30 [INF] HTTP GET /api/tenants/6/users responded 200 in 57.6612 ms
2026-08-03 12:55:24.678 +05:30 [INF] HTTP OPTIONS /api/tenants/1/users responded 204 in 0.1884 ms
2026-08-03 12:55:24.829 +05:30 [INF] HTTP GET /api/tenants/1/users responded 200 in 143.9099 ms
2026-08-03 12:56:56.265 +05:30 [INF] HTTP OPTIONS /api/tenants/1/users responded 204 in 0.1681 ms
2026-08-03 12:56:56.345 +05:30 [INF] HTTP GET /api/tenants/1/users responded 200 in 59.0636 ms
2026-08-03 12:58:00.157 +05:30 [INF] HTTP OPTIONS /api/plans responded 204 in 2.7316 ms
2026-08-03 12:58:00.250 +05:30 [INF] HTTP GET /api/plans responded 200 in 46.2801 ms
2026-08-03 12:58:05.502 +05:30 [INF] HTTP OPTIONS /api/plans responded 204 in 0.6278 ms
2026-08-03 12:58:05.534 +05:30 [INF] HTTP OPTIONS /api/tenants responded 204 in 0.1728 ms
2026-08-03 12:58:05.565 +05:30 [INF] HTTP GET /api/plans responded 200 in 9.0904 ms
2026-08-03 12:58:05.640 +05:30 [INF] HTTP GET /api/tenants responded 200 in 71.6650 ms
2026-08-03 12:59:05.248 +05:30 [INF] HTTP OPTIONS /api/tenants/6/users responded 204 in 0.1836 ms
2026-08-03 12:59:05.293 +05:30 [INF] HTTP GET /api/tenants/6/users responded 200 in 38.1838 ms
2026-08-03 12:59:14.323 +05:30 [INF] HTTP OPTIONS /api/plans responded 204 in 0.1472 ms
2026-08-03 12:59:14.362 +05:30 [INF] HTTP GET /api/plans responded 200 in 24.6244 ms
2026-08-03 12:59:14.366 +05:30 [INF] HTTP OPTIONS /api/tenants responded 204 in 0.1367 ms
2026-08-03 12:59:14.414 +05:30 [INF] HTTP GET /api/tenants responded 200 in 34.2024 ms
2026-08-03 12:59:16.433 +05:30 [INF] HTTP OPTIONS /api/tenants/6/users responded 204 in 0.0811 ms
2026-08-03 12:59:16.469 +05:30 [INF] HTTP GET /api/tenants/6/users responded 200 in 6.2015 ms
2026-08-03 13:00:25.190 +05:30 [INF] HTTP OPTIONS /api/plans responded 204 in 0.2676 ms
2026-08-03 13:00:25.248 +05:30 [INF] HTTP GET /api/plans responded 200 in 32.9773 ms
2026-08-03 13:00:27.339 +05:30 [INF] HTTP GET /api/plans responded 200 in 5.7723 ms
2026-08-03 13:00:29.089 +05:30 [INF] HTTP OPTIONS /api/tenants responded 204 in 0.0984 ms
2026-08-03 13:00:29.098 +05:30 [INF] HTTP OPTIONS /api/subscriptions responded 204 in 0.0904 ms
2026-08-03 13:00:29.115 +05:30 [INF] HTTP GET /api/plans responded 200 in 13.2011 ms
2026-08-03 13:00:29.161 +05:30 [INF] HTTP GET /api/tenants responded 200 in 49.2930 ms
2026-08-03 13:00:29.251 +05:30 [INF] HTTP GET /api/subscriptions responded 200 in 124.4163 ms
2026-08-03 13:00:37.553 +05:30 [INF] HTTP OPTIONS /api/plans responded 204 in 0.0570 ms
2026-08-03 13:00:37.617 +05:30 [INF] HTTP GET /api/plans responded 200 in 19.6498 ms
2026-08-03 13:00:40.772 +05:30 [INF] HTTP OPTIONS /api/tenants responded 204 in 0.1275 ms
2026-08-03 13:00:40.790 +05:30 [INF] HTTP GET /api/plans responded 200 in 13.3317 ms
2026-08-03 13:00:40.857 +05:30 [INF] HTTP GET /api/tenants responded 200 in 55.0130 ms
2026-08-03 13:00:44.747 +05:30 [INF] HTTP OPTIONS /api/tenants/5/status responded 204 in 0.2226 ms
2026-08-03 13:00:44.801 +05:30 [INF] HTTP PUT /api/tenants/5/status responded 200 in 47.6055 ms
2026-08-03 13:00:44.815 +05:30 [INF] HTTP GET /api/tenants responded 200 in 5.0444 ms
2026-08-03 13:00:51.059 +05:30 [INF] HTTP OPTIONS /api/tenants/1/status responded 204 in 0.0910 ms
2026-08-03 13:00:51.090 +05:30 [INF] HTTP PUT /api/tenants/1/status responded 200 in 24.4368 ms
2026-08-03 13:00:51.100 +05:30 [INF] HTTP OPTIONS /api/tenants responded 204 in 0.0697 ms
2026-08-03 13:00:51.112 +05:30 [INF] HTTP GET /api/tenants responded 200 in 5.4956 ms
2026-08-03 13:00:53.153 +05:30 [INF] HTTP OPTIONS /api/tenants/4/status responded 204 in 0.0633 ms
2026-08-03 13:00:53.176 +05:30 [INF] HTTP PUT /api/tenants/4/status responded 200 in 10.3211 ms
2026-08-03 13:00:53.200 +05:30 [INF] HTTP GET /api/tenants responded 200 in 9.9808 ms
2026-08-03 13:07:20.141 +05:30 [INF] ONE ERP Platform API starting
2026-08-03 13:07:28.469 +05:30 [INF] HTTP POST /api/auth/login responded 200 in 1101.9722 ms
2026-08-03 13:07:28.654 +05:30 [INF] HTTP GET /api/tenants responded 200 in 137.5293 ms
2026-08-03 13:07:28.747 +05:30 [INF] HTTP GET /api/tenants/4/users responded 404 in 3.8321 ms
2026-08-03 13:07:58.277 +05:30 [INF] HTTP POST /api/auth/login responded 200 in 502.2477 ms
2026-08-03 13:07:59.538 +05:30 [INF] Created tenant database ERP_PASST
2026-08-03 13:07:59.769 +05:30 [INF] Provisioned tenant schema and seed data for ERP_PASST
2026-08-03 13:07:59.798 +05:30 [INF] HTTP POST /api/tenants responded 200 in 1481.3278 ms
2026-08-03 13:08:05.241 +05:30 [INF] HTTP OPTIONS /api/plans responded 204 in 5.1869 ms
2026-08-03 13:08:05.262 +05:30 [INF] HTTP OPTIONS /api/tenants responded 204 in 0.2128 ms
2026-08-03 13:08:05.271 +05:30 [INF] HTTP GET /api/plans responded 401 in 19.5636 ms
2026-08-03 13:08:05.274 +05:30 [INF] HTTP GET /api/tenants responded 401 in 2.7036 ms
2026-08-03 13:08:05.346 +05:30 [INF] HTTP OPTIONS /api/auth/refresh responded 204 in 0.1889 ms
2026-08-03 13:08:05.350 +05:30 [INF] HTTP OPTIONS /api/auth/refresh responded 204 in 1.0876 ms
2026-08-03 13:08:05.468 +05:30 [INF] HTTP POST /api/auth/refresh responded 200 in 80.6080 ms
2026-08-03 13:08:05.468 +05:30 [INF] HTTP POST /api/auth/refresh responded 200 in 98.8430 ms
2026-08-03 13:08:05.533 +05:30 [INF] HTTP GET /api/tenants responded 200 in 18.6969 ms
2026-08-03 13:08:05.611 +05:30 [INF] HTTP GET /api/plans responded 200 in 94.3264 ms
2026-08-03 13:08:08.084 +05:30 [INF] HTTP OPTIONS /api/tenants/7/users responded 204 in 0.1487 ms
2026-08-03 13:08:08.098 +05:30 [INF] HTTP GET /api/tenants/7/users responded 404 in 1.5939 ms
2026-08-03 13:08:21.350 +05:30 [INF] HTTP POST /api/auth/login responded 200 in 301.1141 ms
2026-08-03 13:08:21.387 +05:30 [INF] HTTP DELETE /api/tenants/7 responded 200 in 29.1215 ms
2026-08-03 13:09:36.341 +05:30 [INF] HTTP OPTIONS /api/plans responded 204 in 0.1709 ms
2026-08-03 13:09:36.363 +05:30 [INF] HTTP OPTIONS /api/tenants responded 204 in 0.2229 ms
2026-08-03 13:09:36.401 +05:30 [INF] HTTP GET /api/plans responded 200 in 33.2064 ms
2026-08-03 13:09:36.426 +05:30 [INF] HTTP GET /api/tenants responded 200 in 50.7216 ms
2026-08-03 13:09:41.608 +05:30 [INF] HTTP OPTIONS /api/tenants/6/users responded 204 in 0.2098 ms
2026-08-03 13:09:41.625 +05:30 [INF] HTTP GET /api/tenants/6/users responded 404 in 0.9155 ms
2026-08-03 13:11:43.311 +05:30 [INF] HTTP OPTIONS /api/plans responded 204 in 0.1103 ms
2026-08-03 13:11:43.324 +05:30 [INF] HTTP OPTIONS /api/tenants responded 204 in 0.1007 ms
2026-08-03 13:11:43.367 +05:30 [INF] HTTP GET /api/tenants responded 200 in 32.0457 ms
2026-08-03 13:11:43.370 +05:30 [INF] HTTP GET /api/plans responded 200 in 43.2481 ms
2026-08-03 13:12:38.190 +05:30 [INF] HTTP OPTIONS /api/plans responded 204 in 0.2857 ms
2026-08-03 13:12:38.198 +05:30 [INF] HTTP OPTIONS /api/tenants responded 204 in 0.1437 ms
2026-08-03 13:12:38.230 +05:30 [INF] HTTP GET /api/plans responded 200 in 23.6613 ms
2026-08-03 13:12:38.239 +05:30 [INF] HTTP GET /api/tenants responded 200 in 30.3404 ms
2026-08-03 13:12:40.295 +05:30 [INF] HTTP OPTIONS /api/tenants/6/users responded 204 in 0.1435 ms
2026-08-03 13:12:40.319 +05:30 [INF] HTTP GET /api/tenants/6/users responded 404 in 0.5357 ms
2026-08-03 14:16:58.197 +05:30 [INF] HTTP OPTIONS /api/plans responded 204 in 0.1079 ms
2026-08-03 14:16:58.212 +05:30 [INF] HTTP GET /api/plans responded 401 in 1.0189 ms
2026-08-03 14:16:58.388 +05:30 [INF] HTTP OPTIONS /api/tenants responded 204 in 0.1126 ms
2026-08-03 14:16:58.550 +05:30 [INF] HTTP OPTIONS /api/auth/refresh responded 204 in 0.1278 ms
2026-08-03 14:16:58.556 +05:30 [INF] HTTP GET /api/tenants responded 401 in 0.6930 ms
2026-08-03 14:16:58.921 +05:30 [INF] HTTP POST /api/auth/refresh responded 200 in 361.6721 ms
2026-08-03 14:16:59.311 +05:30 [ERR] HTTP POST /api/auth/refresh responded 500 in 134.7973 ms
ONEERP.Shared.Exceptions.UnauthorizedAccess: Invalid or expired refresh token.
   at ONEERP.Platform.API.Services.PlatformAuthService.RefreshAsync(String refreshToken) in D:\AWS\ERP\ONEERP.Platform.API\Services\PlatformAuthService.cs:line 55
   at ONEERP.Platform.API.Controllers.AuthController.Refresh(RefreshTokenRequest request) in D:\AWS\ERP\ONEERP.Platform.API\Controllers\AuthController.cs:line 49
   at Microsoft.AspNetCore.Mvc.Infrastructure.ActionMethodExecutor.TaskOfIActionResultExecutor.Execute(ActionContext actionContext, IActionResultTypeMapper mapper, ObjectMethodExecutor executor, Object controller, Object[] arguments)
   at Microsoft.AspNetCore.Mvc.Infrastructure.ControllerActionInvoker.<InvokeActionMethodAsync>g__Awaited|12_0(ControllerActionInvoker invoker, ValueTask`1 actionResultValueTask)
   at Microsoft.AspNetCore.Mvc.Infrastructure.ControllerActionInvoker.<InvokeNextActionFilterAsync>g__Awaited|10_0(ControllerActionInvoker invoker, Task lastTask, State next, Scope scope, Object state, Boolean isCompleted)
   at Microsoft.AspNetCore.Mvc.Infrastructure.ControllerActionInvoker.Rethrow(ActionExecutedContextSealed context)
   at Microsoft.AspNetCore.Mvc.Infrastructure.ControllerActionInvoker.Next(State& next, Scope& scope, Object& state, Boolean& isCompleted)
   at Microsoft.AspNetCore.Mvc.Infrastructure.ControllerActionInvoker.<InvokeInnerFilterAsync>g__Awaited|13_0(ControllerActionInvoker invoker, Task lastTask, State next, Scope scope, Object state, Boolean isCompleted)
   at Microsoft.AspNetCore.Mvc.Infrastructure.ResourceInvoker.<InvokeFilterPipelineAsync>g__Awaited|20_0(ResourceInvoker invoker, Task lastTask, State next, Scope scope, Object state, Boolean isCompleted)
   at Microsoft.AspNetCore.Mvc.Infrastructure.ResourceInvoker.<InvokeAsync>g__Awaited|17_0(ResourceInvoker invoker, Task task, IDisposable scope)
   at Microsoft.AspNetCore.Mvc.Infrastructure.ResourceInvoker.<InvokeAsync>g__Awaited|17_0(ResourceInvoker invoker, Task task, IDisposable scope)
   at Microsoft.AspNetCore.Authorization.AuthorizationMiddleware.Invoke(HttpContext context)
   at Microsoft.AspNetCore.Authentication.AuthenticationMiddleware.Invoke(HttpContext context)
   at Swashbuckle.AspNetCore.SwaggerUI.SwaggerUIMiddleware.Invoke(HttpContext httpContext)
   at Swashbuckle.AspNetCore.Swagger.SwaggerMiddleware.Invoke(HttpContext httpContext, ISwaggerProvider swaggerProvider)
   at Serilog.AspNetCore.RequestLoggingMiddleware.Invoke(HttpContext httpContext)
2026-08-03 14:16:59.317 +05:30 [INF] HTTP GET /api/plans responded 200 in 82.2102 ms
2026-08-03 14:16:59.938 +05:30 [WRN] Domain error 401: Invalid or expired refresh token.
2026-08-03 14:17:00.786 +05:30 [INF] HTTP OPTIONS /api/auth/logout responded 204 in 0.2190 ms
2026-08-03 14:17:00.869 +05:30 [INF] HTTP POST /api/auth/logout responded 200 in 61.8016 ms
2026-08-03 14:17:01.021 +05:30 [INF] HTTP GET /api/dashboard responded 401 in 1.0928 ms
2026-08-03 14:17:37.478 +05:30 [INF] HTTP OPTIONS /api/auth/login responded 204 in 0.0970 ms
2026-08-03 14:17:37.866 +05:30 [INF] HTTP POST /api/auth/login responded 200 in 377.6393 ms
2026-08-03 14:17:38.038 +05:30 [INF] HTTP OPTIONS /api/dashboard responded 204 in 0.1774 ms
2026-08-03 14:17:38.251 +05:30 [INF] HTTP GET /api/dashboard responded 200 in 143.3321 ms
2026-08-03 14:20:38.989 +05:30 [INF] HTTP OPTIONS /api/dashboard responded 204 in 0.1692 ms
2026-08-03 14:20:38.996 +05:30 [INF] HTTP GET /api/dashboard responded 401 in 0.7426 ms
2026-08-03 14:20:39.164 +05:30 [INF] HTTP OPTIONS /api/auth/refresh responded 204 in 0.0939 ms
2026-08-03 14:20:39.201 +05:30 [INF] HTTP POST /api/auth/refresh responded 200 in 28.3970 ms
2026-08-03 14:20:39.272 +05:30 [INF] HTTP GET /api/dashboard responded 200 in 62.6930 ms
2026-08-03 14:20:42.297 +05:30 [INF] HTTP OPTIONS /api/plans responded 204 in 0.1042 ms
2026-08-03 14:20:42.331 +05:30 [INF] HTTP GET /api/plans responded 200 in 23.0147 ms
2026-08-03 14:20:43.231 +05:30 [INF] HTTP OPTIONS /api/tenants responded 204 in 0.1458 ms
2026-08-03 14:20:43.248 +05:30 [INF] HTTP GET /api/plans responded 200 in 18.0746 ms
2026-08-03 14:20:43.264 +05:30 [INF] HTTP GET /api/tenants responded 200 in 11.1844 ms
2026-08-03 14:21:02.327 +05:30 [INF] HTTP OPTIONS /api/dashboard responded 204 in 0.0750 ms
2026-08-03 14:21:02.356 +05:30 [INF] HTTP GET /api/dashboard responded 200 in 16.4128 ms
2026-08-03 14:21:06.402 +05:30 [INF] HTTP OPTIONS /api/plans responded 204 in 1.2791 ms
2026-08-03 14:21:06.442 +05:30 [INF] HTTP GET /api/plans responded 200 in 9.9945 ms
2026-08-03 14:21:07.949 +05:30 [INF] HTTP OPTIONS /api/tenants responded 204 in 0.1125 ms
2026-08-03 14:21:07.966 +05:30 [INF] HTTP OPTIONS /api/subscriptions responded 204 in 0.1431 ms
2026-08-03 14:21:08.009 +05:30 [INF] HTTP GET /api/plans responded 200 in 35.1602 ms
2026-08-03 14:21:08.045 +05:30 [INF] HTTP GET /api/tenants responded 200 in 47.3529 ms
2026-08-03 14:21:08.067 +05:30 [INF] HTTP GET /api/subscriptions responded 200 in 68.9699 ms
2026-08-03 14:21:09.837 +05:30 [INF] HTTP OPTIONS /api/tenants responded 204 in 0.0905 ms
2026-08-03 14:21:09.867 +05:30 [INF] HTTP GET /api/plans responded 200 in 35.4312 ms
2026-08-03 14:21:09.906 +05:30 [INF] HTTP GET /api/tenants responded 200 in 44.5760 ms
2026-08-03 14:21:21.624 +05:30 [INF] HTTP OPTIONS /api/plans responded 204 in 0.5351 ms
2026-08-03 14:21:21.636 +05:30 [INF] HTTP OPTIONS /api/tenants responded 204 in 0.0901 ms
2026-08-03 14:21:21.662 +05:30 [INF] HTTP GET /api/plans responded 200 in 24.5751 ms
2026-08-03 14:21:21.680 +05:30 [INF] HTTP GET /api/tenants responded 200 in 33.7290 ms
2026-08-03 14:22:52.299 +05:30 [INF] HTTP OPTIONS /api/tenants responded 204 in 0.3146 ms
2026-08-03 14:22:53.017 +05:30 [INF] Created tenant database UBILL
2026-08-03 14:22:53.238 +05:30 [INF] Provisioned tenant schema and seed data for UBILL
2026-08-03 14:22:53.265 +05:30 [INF] HTTP POST /api/tenants responded 200 in 955.3562 ms
2026-08-03 14:22:53.277 +05:30 [INF] HTTP OPTIONS /api/tenants responded 204 in 0.1139 ms
2026-08-03 14:22:53.320 +05:30 [INF] HTTP GET /api/tenants responded 200 in 36.8780 ms
2026-08-03 14:23:04.093 +05:30 [INF] HTTP OPTIONS /api/tenants/6/status responded 204 in 0.0725 ms
2026-08-03 14:23:04.168 +05:30 [INF] HTTP PUT /api/tenants/6/status responded 200 in 63.9135 ms
2026-08-03 14:23:04.178 +05:30 [INF] HTTP OPTIONS /api/tenants responded 204 in 0.0831 ms
2026-08-03 14:23:04.210 +05:30 [INF] HTTP GET /api/tenants responded 200 in 24.3614 ms
2026-08-03 14:23:41.378 +05:30 [INF] HTTP OPTIONS /api/tenants/6/status responded 204 in 0.0674 ms
2026-08-03 14:23:41.417 +05:30 [INF] HTTP PUT /api/tenants/6/status responded 200 in 32.0529 ms
2026-08-03 14:23:41.434 +05:30 [INF] HTTP OPTIONS /api/tenants responded 204 in 0.0556 ms
2026-08-03 14:23:41.465 +05:30 [INF] HTTP GET /api/tenants responded 200 in 23.4262 ms
2026-08-03 14:24:12.984 +05:30 [INF] HTTP OPTIONS /api/plans responded 204 in 0.0708 ms
2026-08-03 14:24:13.054 +05:30 [INF] HTTP OPTIONS /api/tenants responded 204 in 0.0866 ms
2026-08-03 14:24:13.079 +05:30 [INF] HTTP GET /api/plans responded 200 in 18.7252 ms
2026-08-03 14:24:13.110 +05:30 [INF] HTTP GET /api/tenants responded 200 in 45.6004 ms
2026-08-03 14:40:27.309 +05:30 [INF] HTTP OPTIONS /api/plans responded 204 in 0.0553 ms
2026-08-03 14:40:27.319 +05:30 [INF] HTTP GET /api/plans responded 401 in 1.0181 ms
2026-08-03 14:40:27.407 +05:30 [INF] HTTP OPTIONS /api/tenants responded 204 in 0.0418 ms
2026-08-03 14:40:27.415 +05:30 [INF] HTTP GET /api/tenants responded 401 in 0.5300 ms
2026-08-03 14:40:27.486 +05:30 [INF] HTTP OPTIONS /api/auth/refresh responded 204 in 0.0740 ms
2026-08-03 14:40:28.338 +05:30 [INF] HTTP POST /api/auth/refresh responded 200 in 772.9507 ms
2026-08-03 14:40:28.339 +05:30 [INF] HTTP POST /api/auth/refresh responded 200 in 846.3579 ms
2026-08-03 14:40:28.467 +05:30 [INF] HTTP GET /api/plans responded 200 in 106.1232 ms
2026-08-03 14:40:28.538 +05:30 [INF] HTTP GET /api/tenants responded 200 in 184.6120 ms
2026-08-03 14:46:57.728 +05:30 [INF] HTTP OPTIONS /api/plans responded 204 in 0.0977 ms
2026-08-03 14:46:57.870 +05:30 [INF] HTTP GET /api/plans responded 200 in 122.1401 ms
2026-08-03 14:46:58.869 +05:30 [INF] HTTP OPTIONS /api/tenants responded 204 in 0.0723 ms
2026-08-03 14:46:58.886 +05:30 [INF] HTTP OPTIONS /api/subscriptions responded 204 in 0.0544 ms
2026-08-03 14:46:58.899 +05:30 [INF] HTTP GET /api/plans responded 200 in 23.7761 ms
2026-08-03 14:46:58.927 +05:30 [INF] HTTP GET /api/subscriptions responded 200 in 29.0943 ms
2026-08-03 14:46:58.942 +05:30 [INF] HTTP GET /api/tenants responded 200 in 48.0562 ms
2026-08-03 14:47:02.181 +05:30 [INF] HTTP GET /api/plans responded 200 in 35.2385 ms
2026-08-03 14:47:03.305 +05:30 [INF] HTTP OPTIONS /api/plans responded 204 in 0.0678 ms
2026-08-03 14:47:03.359 +05:30 [INF] HTTP GET /api/subscriptions responded 200 in 48.4470 ms
2026-08-03 14:47:03.366 +05:30 [INF] HTTP GET /api/tenants responded 200 in 64.4981 ms
2026-08-03 14:47:03.381 +05:30 [INF] HTTP GET /api/plans responded 200 in 67.4003 ms
2026-08-03 14:47:05.120 +05:30 [INF] HTTP OPTIONS /api/tenants responded 204 in 0.0448 ms
2026-08-03 14:47:05.124 +05:30 [INF] HTTP OPTIONS /api/subscriptions responded 204 in 0.1015 ms
2026-08-03 14:47:05.159 +05:30 [INF] HTTP GET /api/plans responded 200 in 31.3715 ms
2026-08-03 14:47:05.205 +05:30 [INF] HTTP GET /api/subscriptions responded 200 in 30.6836 ms
2026-08-03 14:47:05.208 +05:30 [INF] HTTP GET /api/tenants responded 200 in 40.5563 ms
2026-08-03 14:47:17.164 +05:30 [INF] HTTP OPTIONS /api/subscriptions/7 responded 204 in 0.0472 ms
2026-08-03 14:47:17.244 +05:30 [INF] HTTP PUT /api/subscriptions/7 responded 200 in 72.0035 ms
2026-08-03 14:47:17.252 +05:30 [INF] HTTP OPTIONS /api/subscriptions responded 204 in 0.0449 ms
2026-08-03 14:47:17.294 +05:30 [INF] HTTP GET /api/subscriptions responded 200 in 31.8112 ms
2026-08-03 14:47:18.841 +05:30 [INF] HTTP OPTIONS /api/subscriptions/8 responded 204 in 0.0767 ms
2026-08-03 14:47:18.886 +05:30 [INF] HTTP PUT /api/subscriptions/8 responded 200 in 39.4837 ms
2026-08-03 14:47:19.037 +05:30 [INF] HTTP GET /api/subscriptions responded 200 in 59.1706 ms
2026-08-03 14:47:21.699 +05:30 [INF] HTTP OPTIONS /api/subscriptions/1 responded 204 in 0.0840 ms
2026-08-03 14:47:21.737 +05:30 [INF] HTTP PUT /api/subscriptions/1 responded 200 in 29.4149 ms
2026-08-03 14:47:21.775 +05:30 [INF] HTTP GET /api/subscriptions responded 200 in 28.5502 ms
2026-08-03 14:47:24.693 +05:30 [INF] HTTP OPTIONS /api/subscriptions/6 responded 204 in 0.0625 ms
2026-08-03 14:47:24.726 +05:30 [INF] HTTP PUT /api/subscriptions/6 responded 200 in 26.1130 ms
2026-08-03 14:47:24.733 +05:30 [INF] HTTP OPTIONS /api/subscriptions responded 204 in 0.0429 ms
2026-08-03 14:47:24.774 +05:30 [INF] HTTP GET /api/subscriptions responded 200 in 26.8954 ms
2026-08-03 14:47:30.955 +05:30 [INF] HTTP OPTIONS /api/subscriptions/5 responded 204 in 0.0767 ms
2026-08-03 14:47:31.030 +05:30 [INF] HTTP PUT /api/subscriptions/5 responded 200 in 41.1807 ms
2026-08-03 14:47:31.042 +05:30 [INF] HTTP OPTIONS /api/subscriptions responded 204 in 0.0461 ms
2026-08-03 14:47:31.085 +05:30 [INF] HTTP GET /api/subscriptions responded 200 in 34.3129 ms
2026-08-03 14:47:31.941 +05:30 [INF] HTTP OPTIONS /api/subscriptions/6 responded 204 in 0.0514 ms
2026-08-03 14:47:31.976 +05:30 [INF] HTTP PUT /api/subscriptions/6 responded 200 in 26.5556 ms
2026-08-03 14:47:32.006 +05:30 [INF] HTTP GET /api/subscriptions responded 200 in 22.7633 ms
2026-08-03 14:56:17.150 +05:30 [INF] HTTP GET /swagger/index.html responded 200 in 554.3800 ms
2026-08-03 14:56:17.194 +05:30 [INF] HTTP GET /swagger/index.js responded 200 in 1.5489 ms
2026-08-03 14:56:19.133 +05:30 [INF] HTTP GET /swagger/v1/swagger.json responded 200 in 1049.2765 ms
